2026-05-11T23:23:50	prepared simulations=28 ChunkJobs=6 NDiv=10 NReps=5
2026-05-11T23:23:50	BUILD N1_50__N2_50__P11_0p9__P12_0p1__P22_0p9__B_1p174__R_0__E_m0p4__TMAX_30000__ndiv_10__reps_5
2026-05-11T23:23:51	START N1_50__N2_50__P11_0p9__P12_0p1__P22_0p9__B_1p174__R_0__E_m0p4__TMAX_30000__ndiv_10__reps_5
2026-05-11T23:24:16	END N1_50__N2_50__P11_0p9__P12_0p1__P22_0p9__B_1p174__R_0__E_m0p4__TMAX_30000__ndiv_10__reps_5 output=c_paper\out\experiments\02_thermodynamic_limit_high_connectivity\finite_size_scaling\symmetric_N_scaling\raw\initial_plane__N1_50__N2_50__P11_0p9__P12_0p1__P22_0p9__B_1p174__R_0__E_m0p4__TMAX_30000__ndiv_10__reps_5.txt
2026-05-11T23:24:16	BUILD N1_50__N2_50__P11_0p9__P12_0p1__P22_0p9__B_1p3__R_0__E_m0p4__TMAX_30000__ndiv_10__reps_5
2026-05-11T23:24:18	START N1_50__N2_50__P11_0p9__P12_0p1__P22_0p9__B_1p3__R_0__E_m0p4__TMAX_30000__ndiv_10__reps_5
2026-05-11T23:24:37	END N1_50__N2_50__P11_0p9__P12_0p1__P22_0p9__B_1p3__R_0__E_m0p4__TMAX_30000__ndiv_10__reps_5 output=c_paper\out\experiments\02_thermodynamic_limit_high_connectivity\finite_size_scaling\symmetric_N_scaling\raw\initial_plane__N1_50__N2_50__P11_0p9__P12_0p1__P22_0p9__B_1p3__R_0__E_m0p4__TMAX_30000__ndiv_10__reps_5.txt
2026-05-11T23:24:37	BUILD N1_50__N2_50__P11_0p9__P12_0p3__P22_0p9__B_1p174__R_0__E_m0p4__TMAX_30000__ndiv_10__reps_5
2026-05-11T23:24:38	START N1_50__N2_50__P11_0p9__P12_0p3__P22_0p9__B_1p174__R_0__E_m0p4__TMAX_30000__ndiv_10__reps_5
2026-05-11T23:25:15	END N1_50__N2_50__P11_0p9__P12_0p3__P22_0p9__B_1p174__R_0__E_m0p4__TMAX_30000__ndiv_10__reps_5 output=c_paper\out\experiments\02_thermodynamic_limit_high_connectivity\finite_size_scaling\symmetric_N_scaling\raw\initial_plane__N1_50__N2_50__P11_0p9__P12_0p3__P22_0p9__B_1p174__R_0__E_m0p4__TMAX_30000__ndiv_10__reps_5.txt
2026-05-11T23:25:15	BUILD N1_50__N2_50__P11_0p9__P12_0p3__P22_0p9__B_1p3__R_0__E_m0p4__TMAX_30000__ndiv_10__reps_5
2026-05-11T23:25:16	START N1_50__N2_50__P11_0p9__P12_0p3__P22_0p9__B_1p3__R_0__E_m0p4__TMAX_30000__ndiv_10__reps_5
2026-05-11T23:25:46	END N1_50__N2_50__P11_0p9__P12_0p3__P22_0p9__B_1p3__R_0__E_m0p4__TMAX_30000__ndiv_10__reps_5 output=c_paper\out\experiments\02_thermodynamic_limit_high_connectivity\finite_size_scaling\symmetric_N_scaling\raw\initial_plane__N1_50__N2_50__P11_0p9__P12_0p3__P22_0p9__B_1p3__R_0__E_m0p4__TMAX_30000__ndiv_10__reps_5.txt
2026-05-11T23:25:46	BUILD N1_75__N2_75__P11_0p9__P12_0p1__P22_0p9__B_1p174__R_0__E_m0p4__TMAX_30000__ndiv_10__reps_5
2026-05-11T23:25:47	START N1_75__N2_75__P11_0p9__P12_0p1__P22_0p9__B_1p174__R_0__E_m0p4__TMAX_30000__ndiv_10__reps_5
2026-05-11T23:26:54	END N1_75__N2_75__P11_0p9__P12_0p1__P22_0p9__B_1p174__R_0__E_m0p4__TMAX_30000__ndiv_10__reps_5 output=c_paper\out\experiments\02_thermodynamic_limit_high_connectivity\finite_size_scaling\symmetric_N_scaling\raw\initial_plane__N1_75__N2_75__P11_0p9__P12_0p1__P22_0p9__B_1p174__R_0__E_m0p4__TMAX_30000__ndiv_10__reps_5.txt
2026-05-11T23:26:54	BUILD N1_75__N2_75__P11_0p9__P12_0p1__P22_0p9__B_1p3__R_0__E_m0p4__TMAX_30000__ndiv_10__reps_5
2026-05-11T23:26:55	START N1_75__N2_75__P11_0p9__P12_0p1__P22_0p9__B_1p3__R_0__E_m0p4__TMAX_30000__ndiv_10__reps_5
2026-05-11T23:27:53	END N1_75__N2_75__P11_0p9__P12_0p1__P22_0p9__B_1p3__R_0__E_m0p4__TMAX_30000__ndiv_10__reps_5 output=c_paper\out\experiments\02_thermodynamic_limit_high_connectivity\finite_size_scaling\symmetric_N_scaling\raw\initial_plane__N1_75__N2_75__P11_0p9__P12_0p1__P22_0p9__B_1p3__R_0__E_m0p4__TMAX_30000__ndiv_10__reps_5.txt
2026-05-11T23:27:53	BUILD N1_75__N2_75__P11_0p9__P12_0p3__P22_0p9__B_1p174__R_0__E_m0p4__TMAX_30000__ndiv_10__reps_5
2026-05-11T23:27:54	START N1_75__N2_75__P11_0p9__P12_0p3__P22_0p9__B_1p174__R_0__E_m0p4__TMAX_30000__ndiv_10__reps_5
2026-05-11T23:28:59	END N1_75__N2_75__P11_0p9__P12_0p3__P22_0p9__B_1p174__R_0__E_m0p4__TMAX_30000__ndiv_10__reps_5 output=c_paper\out\experiments\02_thermodynamic_limit_high_connectivity\finite_size_scaling\symmetric_N_scaling\raw\initial_plane__N1_75__N2_75__P11_0p9__P12_0p3__P22_0p9__B_1p174__R_0__E_m0p4__TMAX_30000__ndiv_10__reps_5.txt
2026-05-11T23:28:59	BUILD N1_75__N2_75__P11_0p9__P12_0p3__P22_0p9__B_1p3__R_0__E_m0p4__TMAX_30000__ndiv_10__reps_5
2026-05-11T23:29:01	START N1_75__N2_75__P11_0p9__P12_0p3__P22_0p9__B_1p3__R_0__E_m0p4__TMAX_30000__ndiv_10__reps_5
2026-05-11T23:30:15	END N1_75__N2_75__P11_0p9__P12_0p3__P22_0p9__B_1p3__R_0__E_m0p4__TMAX_30000__ndiv_10__reps_5 output=c_paper\out\experiments\02_thermodynamic_limit_high_connectivity\finite_size_scaling\symmetric_N_scaling\raw\initial_plane__N1_75__N2_75__P11_0p9__P12_0p3__P22_0p9__B_1p3__R_0__E_m0p4__TMAX_30000__ndiv_10__reps_5.txt
2026-05-11T23:30:15	BUILD N1_125__N2_125__P11_0p9__P12_0p1__P22_0p9__B_1p174__R_0__E_m0p4__TMAX_30000__ndiv_10__reps_5
2026-05-11T23:30:16	START N1_125__N2_125__P11_0p9__P12_0p1__P22_0p9__B_1p174__R_0__E_m0p4__TMAX_30000__ndiv_10__reps_5
2026-05-11T23:33:50	END N1_125__N2_125__P11_0p9__P12_0p1__P22_0p9__B_1p174__R_0__E_m0p4__TMAX_30000__ndiv_10__reps_5 output=c_paper\out\experiments\02_thermodynamic_limit_high_connectivity\finite_size_scaling\symmetric_N_scaling\raw\initial_plane__N1_125__N2_125__P11_0p9__P12_0p1__P22_0p9__B_1p174__R_0__E_m0p4__TMAX_30000__ndiv_10__reps_5.txt
2026-05-11T23:33:50	BUILD N1_125__N2_125__P11_0p9__P12_0p1__P22_0p9__B_1p3__R_0__E_m0p4__TMAX_30000__ndiv_10__reps_5
2026-05-11T23:33:52	START N1_125__N2_125__P11_0p9__P12_0p1__P22_0p9__B_1p3__R_0__E_m0p4__TMAX_30000__ndiv_10__reps_5
2026-05-11T23:37:17	END N1_125__N2_125__P11_0p9__P12_0p1__P22_0p9__B_1p3__R_0__E_m0p4__TMAX_30000__ndiv_10__reps_5 output=c_paper\out\experiments\02_thermodynamic_limit_high_connectivity\finite_size_scaling\symmetric_N_scaling\raw\initial_plane__N1_125__N2_125__P11_0p9__P12_0p1__P22_0p9__B_1p3__R_0__E_m0p4__TMAX_30000__ndiv_10__reps_5.txt
2026-05-11T23:37:17	BUILD N1_125__N2_125__P11_0p9__P12_0p3__P22_0p9__B_1p174__R_0__E_m0p4__TMAX_30000__ndiv_10__reps_5
2026-05-11T23:37:19	START N1_125__N2_125__P11_0p9__P12_0p3__P22_0p9__B_1p174__R_0__E_m0p4__TMAX_30000__ndiv_10__reps_5
2026-05-11T23:40:18	END N1_125__N2_125__P11_0p9__P12_0p3__P22_0p9__B_1p174__R_0__E_m0p4__TMAX_30000__ndiv_10__reps_5 output=c_paper\out\experiments\02_thermodynamic_limit_high_connectivity\finite_size_scaling\symmetric_N_scaling\raw\initial_plane__N1_125__N2_125__P11_0p9__P12_0p3__P22_0p9__B_1p174__R_0__E_m0p4__TMAX_30000__ndiv_10__reps_5.txt
2026-05-11T23:40:18	BUILD N1_125__N2_125__P11_0p9__P12_0p3__P22_0p9__B_1p3__R_0__E_m0p4__TMAX_30000__ndiv_10__reps_5
2026-05-11T23:40:19	START N1_125__N2_125__P11_0p9__P12_0p3__P22_0p9__B_1p3__R_0__E_m0p4__TMAX_30000__ndiv_10__reps_5
2026-05-11T23:44:34	END N1_125__N2_125__P11_0p9__P12_0p3__P22_0p9__B_1p3__R_0__E_m0p4__TMAX_30000__ndiv_10__reps_5 output=c_paper\out\experiments\02_thermodynamic_limit_high_connectivity\finite_size_scaling\symmetric_N_scaling\raw\initial_plane__N1_125__N2_125__P11_0p9__P12_0p3__P22_0p9__B_1p3__R_0__E_m0p4__TMAX_30000__ndiv_10__reps_5.txt
2026-05-11T23:44:34	BUILD N1_150__N2_150__P11_0p9__P12_0p1__P22_0p9__B_1p174__R_0__E_m0p4__TMAX_30000__ndiv_10__reps_5
2026-05-11T23:44:35	START N1_150__N2_150__P11_0p9__P12_0p1__P22_0p9__B_1p174__R_0__E_m0p4__TMAX_30000__ndiv_10__reps_5
2026-05-11T23:50:46	END N1_150__N2_150__P11_0p9__P12_0p1__P22_0p9__B_1p174__R_0__E_m0p4__TMAX_30000__ndiv_10__reps_5 output=c_paper\out\experiments\02_thermodynamic_limit_high_connectivity\finite_size_scaling\symmetric_N_scaling\raw\initial_plane__N1_150__N2_150__P11_0p9__P12_0p1__P22_0p9__B_1p174__R_0__E_m0p4__TMAX_30000__ndiv_10__reps_5.txt
2026-05-11T23:50:46	BUILD N1_150__N2_150__P11_0p9__P12_0p1__P22_0p9__B_1p3__R_0__E_m0p4__TMAX_30000__ndiv_10__reps_5
2026-05-11T23:50:48	START N1_150__N2_150__P11_0p9__P12_0p1__P22_0p9__B_1p3__R_0__E_m0p4__TMAX_30000__ndiv_10__reps_5
2026-05-11T23:56:58	END N1_150__N2_150__P11_0p9__P12_0p1__P22_0p9__B_1p3__R_0__E_m0p4__TMAX_30000__ndiv_10__reps_5 output=c_paper\out\experiments\02_thermodynamic_limit_high_connectivity\finite_size_scaling\symmetric_N_scaling\raw\initial_plane__N1_150__N2_150__P11_0p9__P12_0p1__P22_0p9__B_1p3__R_0__E_m0p4__TMAX_30000__ndiv_10__reps_5.txt
2026-05-11T23:56:58	BUILD N1_150__N2_150__P11_0p9__P12_0p3__P22_0p9__B_1p174__R_0__E_m0p4__TMAX_30000__ndiv_10__reps_5
2026-05-11T23:56:59	START N1_150__N2_150__P11_0p9__P12_0p3__P22_0p9__B_1p174__R_0__E_m0p4__TMAX_30000__ndiv_10__reps_5
2026-05-12T00:02:45	END N1_150__N2_150__P11_0p9__P12_0p3__P22_0p9__B_1p174__R_0__E_m0p4__TMAX_30000__ndiv_10__reps_5 output=c_paper\out\experiments\02_thermodynamic_limit_high_connectivity\finite_size_scaling\symmetric_N_scaling\raw\initial_plane__N1_150__N2_150__P11_0p9__P12_0p3__P22_0p9__B_1p174__R_0__E_m0p4__TMAX_30000__ndiv_10__reps_5.txt
2026-05-12T00:02:45	BUILD N1_150__N2_150__P11_0p9__P12_0p3__P22_0p9__B_1p3__R_0__E_m0p4__TMAX_30000__ndiv_10__reps_5
2026-05-12T00:02:46	START N1_150__N2_150__P11_0p9__P12_0p3__P22_0p9__B_1p3__R_0__E_m0p4__TMAX_30000__ndiv_10__reps_5
2026-05-12T00:09:14	END N1_150__N2_150__P11_0p9__P12_0p3__P22_0p9__B_1p3__R_0__E_m0p4__TMAX_30000__ndiv_10__reps_5 output=c_paper\out\experiments\02_thermodynamic_limit_high_connectivity\finite_size_scaling\symmetric_N_scaling\raw\initial_plane__N1_150__N2_150__P11_0p9__P12_0p3__P22_0p9__B_1p3__R_0__E_m0p4__TMAX_30000__ndiv_10__reps_5.txt
2026-05-12T00:09:14	BUILD N1_250__N2_250__P11_0p9__P12_0p1__P22_0p9__B_1p174__R_0__E_m0p4__TMAX_30000__ndiv_10__reps_5
2026-05-12T00:09:15	START N1_250__N2_250__P11_0p9__P12_0p1__P22_0p9__B_1p174__R_0__E_m0p4__TMAX_30000__ndiv_10__reps_5
2026-05-12T00:24:20	END N1_250__N2_250__P11_0p9__P12_0p1__P22_0p9__B_1p174__R_0__E_m0p4__TMAX_30000__ndiv_10__reps_5 output=c_paper\out\experiments\02_thermodynamic_limit_high_connectivity\finite_size_scaling\symmetric_N_scaling\raw\initial_plane__N1_250__N2_250__P11_0p9__P12_0p1__P22_0p9__B_1p174__R_0__E_m0p4__TMAX_30000__ndiv_10__reps_5.txt
2026-05-12T00:24:20	BUILD N1_250__N2_250__P11_0p9__P12_0p1__P22_0p9__B_1p3__R_0__E_m0p4__TMAX_30000__ndiv_10__reps_5
2026-05-12T00:24:21	START N1_250__N2_250__P11_0p9__P12_0p1__P22_0p9__B_1p3__R_0__E_m0p4__TMAX_30000__ndiv_10__reps_5
2026-05-12T00:38:55	END N1_250__N2_250__P11_0p9__P12_0p1__P22_0p9__B_1p3__R_0__E_m0p4__TMAX_30000__ndiv_10__reps_5 output=c_paper\out\experiments\02_thermodynamic_limit_high_connectivity\finite_size_scaling\symmetric_N_scaling\raw\initial_plane__N1_250__N2_250__P11_0p9__P12_0p1__P22_0p9__B_1p3__R_0__E_m0p4__TMAX_30000__ndiv_10__reps_5.txt
2026-05-12T00:38:55	BUILD N1_250__N2_250__P11_0p9__P12_0p3__P22_0p9__B_1p174__R_0__E_m0p4__TMAX_30000__ndiv_10__reps_5
2026-05-12T00:38:56	START N1_250__N2_250__P11_0p9__P12_0p3__P22_0p9__B_1p174__R_0__E_m0p4__TMAX_30000__ndiv_10__reps_5
2026-05-12T00:51:39	END N1_250__N2_250__P11_0p9__P12_0p3__P22_0p9__B_1p174__R_0__E_m0p4__TMAX_30000__ndiv_10__reps_5 output=c_paper\out\experiments\02_thermodynamic_limit_high_connectivity\finite_size_scaling\symmetric_N_scaling\raw\initial_plane__N1_250__N2_250__P11_0p9__P12_0p3__P22_0p9__B_1p174__R_0__E_m0p4__TMAX_30000__ndiv_10__reps_5.txt
2026-05-12T00:51:39	BUILD N1_250__N2_250__P11_0p9__P12_0p3__P22_0p9__B_1p3__R_0__E_m0p4__TMAX_30000__ndiv_10__reps_5
2026-05-12T00:51:40	START N1_250__N2_250__P11_0p9__P12_0p3__P22_0p9__B_1p3__R_0__E_m0p4__TMAX_30000__ndiv_10__reps_5
2026-05-12T01:07:34	END N1_250__N2_250__P11_0p9__P12_0p3__P22_0p9__B_1p3__R_0__E_m0p4__TMAX_30000__ndiv_10__reps_5 output=c_paper\out\experiments\02_thermodynamic_limit_high_connectivity\finite_size_scaling\symmetric_N_scaling\raw\initial_plane__N1_250__N2_250__P11_0p9__P12_0p3__P22_0p9__B_1p3__R_0__E_m0p4__TMAX_30000__ndiv_10__reps_5.txt
2026-05-12T01:07:34	BUILD N1_300__N2_300__P11_0p9__P12_0p1__P22_0p9__B_1p174__R_0__E_m0p4__TMAX_30000__ndiv_10__reps_5
2026-05-12T01:07:35	START N1_300__N2_300__P11_0p9__P12_0p1__P22_0p9__B_1p174__R_0__E_m0p4__TMAX_30000__ndiv_10__reps_5
2026-05-12T01:28:24	END N1_300__N2_300__P11_0p9__P12_0p1__P22_0p9__B_1p174__R_0__E_m0p4__TMAX_30000__ndiv_10__reps_5 output=c_paper\out\experiments\02_thermodynamic_limit_high_connectivity\finite_size_scaling\symmetric_N_scaling\raw\initial_plane__N1_300__N2_300__P11_0p9__P12_0p1__P22_0p9__B_1p174__R_0__E_m0p4__TMAX_30000__ndiv_10__reps_5.txt
2026-05-12T01:28:24	BUILD N1_300__N2_300__P11_0p9__P12_0p1__P22_0p9__B_1p3__R_0__E_m0p4__TMAX_30000__ndiv_10__reps_5
2026-05-12T01:28:25	START N1_300__N2_300__P11_0p9__P12_0p1__P22_0p9__B_1p3__R_0__E_m0p4__TMAX_30000__ndiv_10__reps_5
2026-05-12T01:49:10	END N1_300__N2_300__P11_0p9__P12_0p1__P22_0p9__B_1p3__R_0__E_m0p4__TMAX_30000__ndiv_10__reps_5 output=c_paper\out\experiments\02_thermodynamic_limit_high_connectivity\finite_size_scaling\symmetric_N_scaling\raw\initial_plane__N1_300__N2_300__P11_0p9__P12_0p1__P22_0p9__B_1p3__R_0__E_m0p4__TMAX_30000__ndiv_10__reps_5.txt
2026-05-12T01:49:10	BUILD N1_300__N2_300__P11_0p9__P12_0p3__P22_0p9__B_1p174__R_0__E_m0p4__TMAX_30000__ndiv_10__reps_5
2026-05-12T01:49:11	START N1_300__N2_300__P11_0p9__P12_0p3__P22_0p9__B_1p174__R_0__E_m0p4__TMAX_30000__ndiv_10__reps_5
2026-05-12T02:06:49	END N1_300__N2_300__P11_0p9__P12_0p3__P22_0p9__B_1p174__R_0__E_m0p4__TMAX_30000__ndiv_10__reps_5 output=c_paper\out\experiments\02_thermodynamic_limit_high_connectivity\finite_size_scaling\symmetric_N_scaling\raw\initial_plane__N1_300__N2_300__P11_0p9__P12_0p3__P22_0p9__B_1p174__R_0__E_m0p4__TMAX_30000__ndiv_10__reps_5.txt
2026-05-12T02:06:49	BUILD N1_300__N2_300__P11_0p9__P12_0p3__P22_0p9__B_1p3__R_0__E_m0p4__TMAX_30000__ndiv_10__reps_5
2026-05-12T02:06:50	START N1_300__N2_300__P11_0p9__P12_0p3__P22_0p9__B_1p3__R_0__E_m0p4__TMAX_30000__ndiv_10__reps_5
2026-05-12T02:29:21	END N1_300__N2_300__P11_0p9__P12_0p3__P22_0p9__B_1p3__R_0__E_m0p4__TMAX_30000__ndiv_10__reps_5 output=c_paper\out\experiments\02_thermodynamic_limit_high_connectivity\finite_size_scaling\symmetric_N_scaling\raw\initial_plane__N1_300__N2_300__P11_0p9__P12_0p3__P22_0p9__B_1p3__R_0__E_m0p4__TMAX_30000__ndiv_10__reps_5.txt
2026-05-12T02:29:21	BUILD N1_350__N2_350__P11_0p9__P12_0p1__P22_0p9__B_1p174__R_0__E_m0p4__TMAX_30000__ndiv_10__reps_5
2026-05-12T02:29:22	START N1_350__N2_350__P11_0p9__P12_0p1__P22_0p9__B_1p174__R_0__E_m0p4__TMAX_30000__ndiv_10__reps_5
2026-05-12T02:55:42	END N1_350__N2_350__P11_0p9__P12_0p1__P22_0p9__B_1p174__R_0__E_m0p4__TMAX_30000__ndiv_10__reps_5 output=c_paper\out\experiments\02_thermodynamic_limit_high_connectivity\finite_size_scaling\symmetric_N_scaling\raw\initial_plane__N1_350__N2_350__P11_0p9__P12_0p1__P22_0p9__B_1p174__R_0__E_m0p4__TMAX_30000__ndiv_10__reps_5.txt
2026-05-12T02:55:42	BUILD N1_350__N2_350__P11_0p9__P12_0p1__P22_0p9__B_1p3__R_0__E_m0p4__TMAX_30000__ndiv_10__reps_5
2026-05-12T02:55:43	START N1_350__N2_350__P11_0p9__P12_0p1__P22_0p9__B_1p3__R_0__E_m0p4__TMAX_30000__ndiv_10__reps_5
2026-05-12T03:22:02	END N1_350__N2_350__P11_0p9__P12_0p1__P22_0p9__B_1p3__R_0__E_m0p4__TMAX_30000__ndiv_10__reps_5 output=c_paper\out\experiments\02_thermodynamic_limit_high_connectivity\finite_size_scaling\symmetric_N_scaling\raw\initial_plane__N1_350__N2_350__P11_0p9__P12_0p1__P22_0p9__B_1p3__R_0__E_m0p4__TMAX_30000__ndiv_10__reps_5.txt
2026-05-12T03:22:02	BUILD N1_350__N2_350__P11_0p9__P12_0p3__P22_0p9__B_1p174__R_0__E_m0p4__TMAX_30000__ndiv_10__reps_5
2026-05-12T03:22:03	START N1_350__N2_350__P11_0p9__P12_0p3__P22_0p9__B_1p174__R_0__E_m0p4__TMAX_30000__ndiv_10__reps_5
2026-05-12T03:46:08	END N1_350__N2_350__P11_0p9__P12_0p3__P22_0p9__B_1p174__R_0__E_m0p4__TMAX_30000__ndiv_10__reps_5 output=c_paper\out\experiments\02_thermodynamic_limit_high_connectivity\finite_size_scaling\symmetric_N_scaling\raw\initial_plane__N1_350__N2_350__P11_0p9__P12_0p3__P22_0p9__B_1p174__R_0__E_m0p4__TMAX_30000__ndiv_10__reps_5.txt
2026-05-12T03:46:08	BUILD N1_350__N2_350__P11_0p9__P12_0p3__P22_0p9__B_1p3__R_0__E_m0p4__TMAX_30000__ndiv_10__reps_5
2026-05-12T03:46:09	START N1_350__N2_350__P11_0p9__P12_0p3__P22_0p9__B_1p3__R_0__E_m0p4__TMAX_30000__ndiv_10__reps_5
2026-05-12T04:17:09	END N1_350__N2_350__P11_0p9__P12_0p3__P22_0p9__B_1p3__R_0__E_m0p4__TMAX_30000__ndiv_10__reps_5 output=c_paper\out\experiments\02_thermodynamic_limit_high_connectivity\finite_size_scaling\symmetric_N_scaling\raw\initial_plane__N1_350__N2_350__P11_0p9__P12_0p3__P22_0p9__B_1p3__R_0__E_m0p4__TMAX_30000__ndiv_10__reps_5.txt
2026-05-12T04:17:09	all done
