2026-05-05 10:28:58 Cola initial_plane preparada: preset=highNAsymLarge simulaciones=8. Jobs=12 NDiv=8 NReps=3
2026-05-05 10:28:58 Manifest: c_paper/out/logs/initial_plane_queue_highNAsymLarge_20260505_102858.tsv
2026-05-05 10:28:58 START 1/8: N1_400__N2_1200__P11_0p9__P12_0p02__P22_0p9__B_1p06__R_0__E_m0p4__ndiv_8__reps_3
Configuracion initial plane: Jobs=12 NDiv=8 NReps=3
Etiqueta: N1_400__N2_1200__P11_0p9__P12_0p02__P22_0p9__B_1p06__R_0__E_m0p4__ndiv_8__reps_3
Carpeta de parciales: c_paper\out\raw\initial_plane\parts\N1_400__N2_1200__P11_0p9__P12_0p02__P22_0p9__B_1p06__R_0__E_m0p4__ndiv_8__reps_3
Lanzando job 0: ix=0..0 -> c_paper\out\raw\initial_plane\parts\N1_400__N2_1200__P11_0p9__P12_0p02__P22_0p9__B_1p06__R_0__E_m0p4__ndiv_8__reps_3\part_000_ix_000_000.txt
Lanzando job 1: ix=1..1 -> c_paper\out\raw\initial_plane\parts\N1_400__N2_1200__P11_0p9__P12_0p02__P22_0p9__B_1p06__R_0__E_m0p4__ndiv_8__reps_3\part_001_ix_001_001.txt
Lanzando job 2: ix=2..2 -> c_paper\out\raw\initial_plane\parts\N1_400__N2_1200__P11_0p9__P12_0p02__P22_0p9__B_1p06__R_0__E_m0p4__ndiv_8__reps_3\part_002_ix_002_002.txt
Lanzando job 3: ix=3..3 -> c_paper\out\raw\initial_plane\parts\N1_400__N2_1200__P11_0p9__P12_0p02__P22_0p9__B_1p06__R_0__E_m0p4__ndiv_8__reps_3\part_003_ix_003_003.txt
Lanzando job 4: ix=4..4 -> c_paper\out\raw\initial_plane\parts\N1_400__N2_1200__P11_0p9__P12_0p02__P22_0p9__B_1p06__R_0__E_m0p4__ndiv_8__reps_3\part_004_ix_004_004.txt
Lanzando job 5: ix=5..5 -> c_paper\out\raw\initial_plane\parts\N1_400__N2_1200__P11_0p9__P12_0p02__P22_0p9__B_1p06__R_0__E_m0p4__ndiv_8__reps_3\part_005_ix_005_005.txt
Lanzando job 6: ix=6..6 -> c_paper\out\raw\initial_plane\parts\N1_400__N2_1200__P11_0p9__P12_0p02__P22_0p9__B_1p06__R_0__E_m0p4__ndiv_8__reps_3\part_006_ix_006_006.txt
Lanzando job 7: ix=7..7 -> c_paper\out\raw\initial_plane\parts\N1_400__N2_1200__P11_0p9__P12_0p02__P22_0p9__B_1p06__R_0__E_m0p4__ndiv_8__reps_3\part_007_ix_007_007.txt
Lanzando job 8: ix=8..8 -> c_paper\out\raw\initial_plane\parts\N1_400__N2_1200__P11_0p9__P12_0p02__P22_0p9__B_1p06__R_0__E_m0p4__ndiv_8__reps_3\part_008_ix_008_008.txt
Ejecucion paralela terminada.
Salida final: c_paper/out/raw/initial_plane/initial_plane__N1_400__N2_1200__P11_0p9__P12_0p02__P22_0p9__B_1p06__R_0__E_m0p4__ndiv_8__reps_3.txt
Parciales: c_paper\out\raw\initial_plane\parts\N1_400__N2_1200__P11_0p9__P12_0p02__P22_0p9__B_1p06__R_0__E_m0p4__ndiv_8__reps_3
2026-05-05 11:09:46 END 1/8: N1_400__N2_1200__P11_0p9__P12_0p02__P22_0p9__B_1p06__R_0__E_m0p4__ndiv_8__reps_3 elapsed=00:40:48.5759976
2026-05-05 11:09:46 START 2/8: N1_400__N2_1200__P11_0p9__P12_0p03__P22_0p9__B_1p10__R_0__E_m0p4__ndiv_8__reps_3
Configuracion initial plane: Jobs=12 NDiv=8 NReps=3
Etiqueta: N1_400__N2_1200__P11_0p9__P12_0p03__P22_0p9__B_1p10__R_0__E_m0p4__ndiv_8__reps_3
Carpeta de parciales: c_paper\out\raw\initial_plane\parts\N1_400__N2_1200__P11_0p9__P12_0p03__P22_0p9__B_1p10__R_0__E_m0p4__ndiv_8__reps_3
Lanzando job 0: ix=0..0 -> c_paper\out\raw\initial_plane\parts\N1_400__N2_1200__P11_0p9__P12_0p03__P22_0p9__B_1p10__R_0__E_m0p4__ndiv_8__reps_3\part_000_ix_000_000.txt
Lanzando job 1: ix=1..1 -> c_paper\out\raw\initial_plane\parts\N1_400__N2_1200__P11_0p9__P12_0p03__P22_0p9__B_1p10__R_0__E_m0p4__ndiv_8__reps_3\part_001_ix_001_001.txt
Lanzando job 2: ix=2..2 -> c_paper\out\raw\initial_plane\parts\N1_400__N2_1200__P11_0p9__P12_0p03__P22_0p9__B_1p10__R_0__E_m0p4__ndiv_8__reps_3\part_002_ix_002_002.txt
Lanzando job 3: ix=3..3 -> c_paper\out\raw\initial_plane\parts\N1_400__N2_1200__P11_0p9__P12_0p03__P22_0p9__B_1p10__R_0__E_m0p4__ndiv_8__reps_3\part_003_ix_003_003.txt
Lanzando job 4: ix=4..4 -> c_paper\out\raw\initial_plane\parts\N1_400__N2_1200__P11_0p9__P12_0p03__P22_0p9__B_1p10__R_0__E_m0p4__ndiv_8__reps_3\part_004_ix_004_004.txt
Lanzando job 5: ix=5..5 -> c_paper\out\raw\initial_plane\parts\N1_400__N2_1200__P11_0p9__P12_0p03__P22_0p9__B_1p10__R_0__E_m0p4__ndiv_8__reps_3\part_005_ix_005_005.txt
Lanzando job 6: ix=6..6 -> c_paper\out\raw\initial_plane\parts\N1_400__N2_1200__P11_0p9__P12_0p03__P22_0p9__B_1p10__R_0__E_m0p4__ndiv_8__reps_3\part_006_ix_006_006.txt
Lanzando job 7: ix=7..7 -> c_paper\out\raw\initial_plane\parts\N1_400__N2_1200__P11_0p9__P12_0p03__P22_0p9__B_1p10__R_0__E_m0p4__ndiv_8__reps_3\part_007_ix_007_007.txt
Lanzando job 8: ix=8..8 -> c_paper\out\raw\initial_plane\parts\N1_400__N2_1200__P11_0p9__P12_0p03__P22_0p9__B_1p10__R_0__E_m0p4__ndiv_8__reps_3\part_008_ix_008_008.txt
Ejecucion paralela terminada.
Salida final: c_paper/out/raw/initial_plane/initial_plane__N1_400__N2_1200__P11_0p9__P12_0p03__P22_0p9__B_1p10__R_0__E_m0p4__ndiv_8__reps_3.txt
Parciales: c_paper\out\raw\initial_plane\parts\N1_400__N2_1200__P11_0p9__P12_0p03__P22_0p9__B_1p10__R_0__E_m0p4__ndiv_8__reps_3
2026-05-05 11:50:33 END 2/8: N1_400__N2_1200__P11_0p9__P12_0p03__P22_0p9__B_1p10__R_0__E_m0p4__ndiv_8__reps_3 elapsed=00:40:46.6645421
2026-05-05 11:50:33 START 3/8: N1_1200__N2_400__P11_0p9__P12_0p02__P22_0p9__B_1p06__R_0__E_m0p4__ndiv_8__reps_3
Configuracion initial plane: Jobs=12 NDiv=8 NReps=3
Etiqueta: N1_1200__N2_400__P11_0p9__P12_0p02__P22_0p9__B_1p06__R_0__E_m0p4__ndiv_8__reps_3
Carpeta de parciales: c_paper\out\raw\initial_plane\parts\N1_1200__N2_400__P11_0p9__P12_0p02__P22_0p9__B_1p06__R_0__E_m0p4__ndiv_8__reps_3
Lanzando job 0: ix=0..0 -> c_paper\out\raw\initial_plane\parts\N1_1200__N2_400__P11_0p9__P12_0p02__P22_0p9__B_1p06__R_0__E_m0p4__ndiv_8__reps_3\part_000_ix_000_000.txt
Lanzando job 1: ix=1..1 -> c_paper\out\raw\initial_plane\parts\N1_1200__N2_400__P11_0p9__P12_0p02__P22_0p9__B_1p06__R_0__E_m0p4__ndiv_8__reps_3\part_001_ix_001_001.txt
Lanzando job 2: ix=2..2 -> c_paper\out\raw\initial_plane\parts\N1_1200__N2_400__P11_0p9__P12_0p02__P22_0p9__B_1p06__R_0__E_m0p4__ndiv_8__reps_3\part_002_ix_002_002.txt
Lanzando job 3: ix=3..3 -> c_paper\out\raw\initial_plane\parts\N1_1200__N2_400__P11_0p9__P12_0p02__P22_0p9__B_1p06__R_0__E_m0p4__ndiv_8__reps_3\part_003_ix_003_003.txt
Lanzando job 4: ix=4..4 -> c_paper\out\raw\initial_plane\parts\N1_1200__N2_400__P11_0p9__P12_0p02__P22_0p9__B_1p06__R_0__E_m0p4__ndiv_8__reps_3\part_004_ix_004_004.txt
Lanzando job 5: ix=5..5 -> c_paper\out\raw\initial_plane\parts\N1_1200__N2_400__P11_0p9__P12_0p02__P22_0p9__B_1p06__R_0__E_m0p4__ndiv_8__reps_3\part_005_ix_005_005.txt
Lanzando job 6: ix=6..6 -> c_paper\out\raw\initial_plane\parts\N1_1200__N2_400__P11_0p9__P12_0p02__P22_0p9__B_1p06__R_0__E_m0p4__ndiv_8__reps_3\part_006_ix_006_006.txt
Lanzando job 7: ix=7..7 -> c_paper\out\raw\initial_plane\parts\N1_1200__N2_400__P11_0p9__P12_0p02__P22_0p9__B_1p06__R_0__E_m0p4__ndiv_8__reps_3\part_007_ix_007_007.txt
Lanzando job 8: ix=8..8 -> c_paper\out\raw\initial_plane\parts\N1_1200__N2_400__P11_0p9__P12_0p02__P22_0p9__B_1p06__R_0__E_m0p4__ndiv_8__reps_3\part_008_ix_008_008.txt
Ejecucion paralela terminada.
Salida final: c_paper/out/raw/initial_plane/initial_plane__N1_1200__N2_400__P11_0p9__P12_0p02__P22_0p9__B_1p06__R_0__E_m0p4__ndiv_8__reps_3.txt
Parciales: c_paper\out\raw\initial_plane\parts\N1_1200__N2_400__P11_0p9__P12_0p02__P22_0p9__B_1p06__R_0__E_m0p4__ndiv_8__reps_3
2026-05-05 12:32:47 END 3/8: N1_1200__N2_400__P11_0p9__P12_0p02__P22_0p9__B_1p06__R_0__E_m0p4__ndiv_8__reps_3 elapsed=00:42:13.4941082
2026-05-05 12:32:47 START 4/8: N1_1200__N2_400__P11_0p9__P12_0p03__P22_0p9__B_1p10__R_0__E_m0p4__ndiv_8__reps_3
Configuracion initial plane: Jobs=12 NDiv=8 NReps=3
Etiqueta: N1_1200__N2_400__P11_0p9__P12_0p03__P22_0p9__B_1p10__R_0__E_m0p4__ndiv_8__reps_3
Carpeta de parciales: c_paper\out\raw\initial_plane\parts\N1_1200__N2_400__P11_0p9__P12_0p03__P22_0p9__B_1p10__R_0__E_m0p4__ndiv_8__reps_3
Lanzando job 0: ix=0..0 -> c_paper\out\raw\initial_plane\parts\N1_1200__N2_400__P11_0p9__P12_0p03__P22_0p9__B_1p10__R_0__E_m0p4__ndiv_8__reps_3\part_000_ix_000_000.txt
Lanzando job 1: ix=1..1 -> c_paper\out\raw\initial_plane\parts\N1_1200__N2_400__P11_0p9__P12_0p03__P22_0p9__B_1p10__R_0__E_m0p4__ndiv_8__reps_3\part_001_ix_001_001.txt
Lanzando job 2: ix=2..2 -> c_paper\out\raw\initial_plane\parts\N1_1200__N2_400__P11_0p9__P12_0p03__P22_0p9__B_1p10__R_0__E_m0p4__ndiv_8__reps_3\part_002_ix_002_002.txt
Lanzando job 3: ix=3..3 -> c_paper\out\raw\initial_plane\parts\N1_1200__N2_400__P11_0p9__P12_0p03__P22_0p9__B_1p10__R_0__E_m0p4__ndiv_8__reps_3\part_003_ix_003_003.txt
Lanzando job 4: ix=4..4 -> c_paper\out\raw\initial_plane\parts\N1_1200__N2_400__P11_0p9__P12_0p03__P22_0p9__B_1p10__R_0__E_m0p4__ndiv_8__reps_3\part_004_ix_004_004.txt
Lanzando job 5: ix=5..5 -> c_paper\out\raw\initial_plane\parts\N1_1200__N2_400__P11_0p9__P12_0p03__P22_0p9__B_1p10__R_0__E_m0p4__ndiv_8__reps_3\part_005_ix_005_005.txt
Lanzando job 6: ix=6..6 -> c_paper\out\raw\initial_plane\parts\N1_1200__N2_400__P11_0p9__P12_0p03__P22_0p9__B_1p10__R_0__E_m0p4__ndiv_8__reps_3\part_006_ix_006_006.txt
Lanzando job 7: ix=7..7 -> c_paper\out\raw\initial_plane\parts\N1_1200__N2_400__P11_0p9__P12_0p03__P22_0p9__B_1p10__R_0__E_m0p4__ndiv_8__reps_3\part_007_ix_007_007.txt
Lanzando job 8: ix=8..8 -> c_paper\out\raw\initial_plane\parts\N1_1200__N2_400__P11_0p9__P12_0p03__P22_0p9__B_1p10__R_0__E_m0p4__ndiv_8__reps_3\part_008_ix_008_008.txt
Ejecucion paralela terminada.
Salida final: c_paper/out/raw/initial_plane/initial_plane__N1_1200__N2_400__P11_0p9__P12_0p03__P22_0p9__B_1p10__R_0__E_m0p4__ndiv_8__reps_3.txt
Parciales: c_paper\out\raw\initial_plane\parts\N1_1200__N2_400__P11_0p9__P12_0p03__P22_0p9__B_1p10__R_0__E_m0p4__ndiv_8__reps_3
2026-05-05 13:15:32 END 4/8: N1_1200__N2_400__P11_0p9__P12_0p03__P22_0p9__B_1p10__R_0__E_m0p4__ndiv_8__reps_3 elapsed=00:42:45.8822506
2026-05-05 13:15:33 START 5/8: N1_300__N2_1500__P11_0p9__P12_0p02__P22_0p9__B_1p06__R_0__E_m0p4__ndiv_8__reps_3
Configuracion initial plane: Jobs=12 NDiv=8 NReps=3
Etiqueta: N1_300__N2_1500__P11_0p9__P12_0p02__P22_0p9__B_1p06__R_0__E_m0p4__ndiv_8__reps_3
Carpeta de parciales: c_paper\out\raw\initial_plane\parts\N1_300__N2_1500__P11_0p9__P12_0p02__P22_0p9__B_1p06__R_0__E_m0p4__ndiv_8__reps_3
Lanzando job 0: ix=0..0 -> c_paper\out\raw\initial_plane\parts\N1_300__N2_1500__P11_0p9__P12_0p02__P22_0p9__B_1p06__R_0__E_m0p4__ndiv_8__reps_3\part_000_ix_000_000.txt
Lanzando job 1: ix=1..1 -> c_paper\out\raw\initial_plane\parts\N1_300__N2_1500__P11_0p9__P12_0p02__P22_0p9__B_1p06__R_0__E_m0p4__ndiv_8__reps_3\part_001_ix_001_001.txt
Lanzando job 2: ix=2..2 -> c_paper\out\raw\initial_plane\parts\N1_300__N2_1500__P11_0p9__P12_0p02__P22_0p9__B_1p06__R_0__E_m0p4__ndiv_8__reps_3\part_002_ix_002_002.txt
Lanzando job 3: ix=3..3 -> c_paper\out\raw\initial_plane\parts\N1_300__N2_1500__P11_0p9__P12_0p02__P22_0p9__B_1p06__R_0__E_m0p4__ndiv_8__reps_3\part_003_ix_003_003.txt
Lanzando job 4: ix=4..4 -> c_paper\out\raw\initial_plane\parts\N1_300__N2_1500__P11_0p9__P12_0p02__P22_0p9__B_1p06__R_0__E_m0p4__ndiv_8__reps_3\part_004_ix_004_004.txt
Lanzando job 5: ix=5..5 -> c_paper\out\raw\initial_plane\parts\N1_300__N2_1500__P11_0p9__P12_0p02__P22_0p9__B_1p06__R_0__E_m0p4__ndiv_8__reps_3\part_005_ix_005_005.txt
Lanzando job 6: ix=6..6 -> c_paper\out\raw\initial_plane\parts\N1_300__N2_1500__P11_0p9__P12_0p02__P22_0p9__B_1p06__R_0__E_m0p4__ndiv_8__reps_3\part_006_ix_006_006.txt
Lanzando job 7: ix=7..7 -> c_paper\out\raw\initial_plane\parts\N1_300__N2_1500__P11_0p9__P12_0p02__P22_0p9__B_1p06__R_0__E_m0p4__ndiv_8__reps_3\part_007_ix_007_007.txt
Lanzando job 8: ix=8..8 -> c_paper\out\raw\initial_plane\parts\N1_300__N2_1500__P11_0p9__P12_0p02__P22_0p9__B_1p06__R_0__E_m0p4__ndiv_8__reps_3\part_008_ix_008_008.txt
Ejecucion paralela terminada.
Salida final: c_paper/out/raw/initial_plane/initial_plane__N1_300__N2_1500__P11_0p9__P12_0p02__P22_0p9__B_1p06__R_0__E_m0p4__ndiv_8__reps_3.txt
Parciales: c_paper\out\raw\initial_plane\parts\N1_300__N2_1500__P11_0p9__P12_0p02__P22_0p9__B_1p06__R_0__E_m0p4__ndiv_8__reps_3
2026-05-05 14:15:49 END 5/8: N1_300__N2_1500__P11_0p9__P12_0p02__P22_0p9__B_1p06__R_0__E_m0p4__ndiv_8__reps_3 elapsed=01:00:16.5795394
2026-05-05 14:15:49 START 6/8: N1_300__N2_1500__P11_0p9__P12_0p03__P22_0p9__B_1p10__R_0__E_m0p4__ndiv_8__reps_3
Configuracion initial plane: Jobs=12 NDiv=8 NReps=3
Etiqueta: N1_300__N2_1500__P11_0p9__P12_0p03__P22_0p9__B_1p10__R_0__E_m0p4__ndiv_8__reps_3
Carpeta de parciales: c_paper\out\raw\initial_plane\parts\N1_300__N2_1500__P11_0p9__P12_0p03__P22_0p9__B_1p10__R_0__E_m0p4__ndiv_8__reps_3
Lanzando job 0: ix=0..0 -> c_paper\out\raw\initial_plane\parts\N1_300__N2_1500__P11_0p9__P12_0p03__P22_0p9__B_1p10__R_0__E_m0p4__ndiv_8__reps_3\part_000_ix_000_000.txt
Lanzando job 1: ix=1..1 -> c_paper\out\raw\initial_plane\parts\N1_300__N2_1500__P11_0p9__P12_0p03__P22_0p9__B_1p10__R_0__E_m0p4__ndiv_8__reps_3\part_001_ix_001_001.txt
Lanzando job 2: ix=2..2 -> c_paper\out\raw\initial_plane\parts\N1_300__N2_1500__P11_0p9__P12_0p03__P22_0p9__B_1p10__R_0__E_m0p4__ndiv_8__reps_3\part_002_ix_002_002.txt
Lanzando job 3: ix=3..3 -> c_paper\out\raw\initial_plane\parts\N1_300__N2_1500__P11_0p9__P12_0p03__P22_0p9__B_1p10__R_0__E_m0p4__ndiv_8__reps_3\part_003_ix_003_003.txt
Lanzando job 4: ix=4..4 -> c_paper\out\raw\initial_plane\parts\N1_300__N2_1500__P11_0p9__P12_0p03__P22_0p9__B_1p10__R_0__E_m0p4__ndiv_8__reps_3\part_004_ix_004_004.txt
Lanzando job 5: ix=5..5 -> c_paper\out\raw\initial_plane\parts\N1_300__N2_1500__P11_0p9__P12_0p03__P22_0p9__B_1p10__R_0__E_m0p4__ndiv_8__reps_3\part_005_ix_005_005.txt
Lanzando job 6: ix=6..6 -> c_paper\out\raw\initial_plane\parts\N1_300__N2_1500__P11_0p9__P12_0p03__P22_0p9__B_1p10__R_0__E_m0p4__ndiv_8__reps_3\part_006_ix_006_006.txt
Lanzando job 7: ix=7..7 -> c_paper\out\raw\initial_plane\parts\N1_300__N2_1500__P11_0p9__P12_0p03__P22_0p9__B_1p10__R_0__E_m0p4__ndiv_8__reps_3\part_007_ix_007_007.txt
Lanzando job 8: ix=8..8 -> c_paper\out\raw\initial_plane\parts\N1_300__N2_1500__P11_0p9__P12_0p03__P22_0p9__B_1p10__R_0__E_m0p4__ndiv_8__reps_3\part_008_ix_008_008.txt
Ejecucion paralela terminada.
Salida final: c_paper/out/raw/initial_plane/initial_plane__N1_300__N2_1500__P11_0p9__P12_0p03__P22_0p9__B_1p10__R_0__E_m0p4__ndiv_8__reps_3.txt
Parciales: c_paper\out\raw\initial_plane\parts\N1_300__N2_1500__P11_0p9__P12_0p03__P22_0p9__B_1p10__R_0__E_m0p4__ndiv_8__reps_3
2026-05-05 15:12:51 END 6/8: N1_300__N2_1500__P11_0p9__P12_0p03__P22_0p9__B_1p10__R_0__E_m0p4__ndiv_8__reps_3 elapsed=00:57:01.8093410
2026-05-05 15:12:51 START 7/8: N1_1500__N2_300__P11_0p9__P12_0p02__P22_0p9__B_1p06__R_0__E_m0p4__ndiv_8__reps_3
Configuracion initial plane: Jobs=12 NDiv=8 NReps=3
Etiqueta: N1_1500__N2_300__P11_0p9__P12_0p02__P22_0p9__B_1p06__R_0__E_m0p4__ndiv_8__reps_3
Carpeta de parciales: c_paper\out\raw\initial_plane\parts\N1_1500__N2_300__P11_0p9__P12_0p02__P22_0p9__B_1p06__R_0__E_m0p4__ndiv_8__reps_3
Lanzando job 0: ix=0..0 -> c_paper\out\raw\initial_plane\parts\N1_1500__N2_300__P11_0p9__P12_0p02__P22_0p9__B_1p06__R_0__E_m0p4__ndiv_8__reps_3\part_000_ix_000_000.txt
Lanzando job 1: ix=1..1 -> c_paper\out\raw\initial_plane\parts\N1_1500__N2_300__P11_0p9__P12_0p02__P22_0p9__B_1p06__R_0__E_m0p4__ndiv_8__reps_3\part_001_ix_001_001.txt
Lanzando job 2: ix=2..2 -> c_paper\out\raw\initial_plane\parts\N1_1500__N2_300__P11_0p9__P12_0p02__P22_0p9__B_1p06__R_0__E_m0p4__ndiv_8__reps_3\part_002_ix_002_002.txt
Lanzando job 3: ix=3..3 -> c_paper\out\raw\initial_plane\parts\N1_1500__N2_300__P11_0p9__P12_0p02__P22_0p9__B_1p06__R_0__E_m0p4__ndiv_8__reps_3\part_003_ix_003_003.txt
Lanzando job 4: ix=4..4 -> c_paper\out\raw\initial_plane\parts\N1_1500__N2_300__P11_0p9__P12_0p02__P22_0p9__B_1p06__R_0__E_m0p4__ndiv_8__reps_3\part_004_ix_004_004.txt
Lanzando job 5: ix=5..5 -> c_paper\out\raw\initial_plane\parts\N1_1500__N2_300__P11_0p9__P12_0p02__P22_0p9__B_1p06__R_0__E_m0p4__ndiv_8__reps_3\part_005_ix_005_005.txt
Lanzando job 6: ix=6..6 -> c_paper\out\raw\initial_plane\parts\N1_1500__N2_300__P11_0p9__P12_0p02__P22_0p9__B_1p06__R_0__E_m0p4__ndiv_8__reps_3\part_006_ix_006_006.txt
Lanzando job 7: ix=7..7 -> c_paper\out\raw\initial_plane\parts\N1_1500__N2_300__P11_0p9__P12_0p02__P22_0p9__B_1p06__R_0__E_m0p4__ndiv_8__reps_3\part_007_ix_007_007.txt
Lanzando job 8: ix=8..8 -> c_paper\out\raw\initial_plane\parts\N1_1500__N2_300__P11_0p9__P12_0p02__P22_0p9__B_1p06__R_0__E_m0p4__ndiv_8__reps_3\part_008_ix_008_008.txt
Ejecucion paralela terminada.
Salida final: c_paper/out/raw/initial_plane/initial_plane__N1_1500__N2_300__P11_0p9__P12_0p02__P22_0p9__B_1p06__R_0__E_m0p4__ndiv_8__reps_3.txt
Parciales: c_paper\out\raw\initial_plane\parts\N1_1500__N2_300__P11_0p9__P12_0p02__P22_0p9__B_1p06__R_0__E_m0p4__ndiv_8__reps_3
2026-05-05 16:15:42 END 7/8: N1_1500__N2_300__P11_0p9__P12_0p02__P22_0p9__B_1p06__R_0__E_m0p4__ndiv_8__reps_3 elapsed=01:02:50.8963245
2026-05-05 16:15:42 START 8/8: N1_1500__N2_300__P11_0p9__P12_0p03__P22_0p9__B_1p10__R_0__E_m0p4__ndiv_8__reps_3
Configuracion initial plane: Jobs=12 NDiv=8 NReps=3
Etiqueta: N1_1500__N2_300__P11_0p9__P12_0p03__P22_0p9__B_1p10__R_0__E_m0p4__ndiv_8__reps_3
Carpeta de parciales: c_paper\out\raw\initial_plane\parts\N1_1500__N2_300__P11_0p9__P12_0p03__P22_0p9__B_1p10__R_0__E_m0p4__ndiv_8__reps_3
Lanzando job 0: ix=0..0 -> c_paper\out\raw\initial_plane\parts\N1_1500__N2_300__P11_0p9__P12_0p03__P22_0p9__B_1p10__R_0__E_m0p4__ndiv_8__reps_3\part_000_ix_000_000.txt
Lanzando job 1: ix=1..1 -> c_paper\out\raw\initial_plane\parts\N1_1500__N2_300__P11_0p9__P12_0p03__P22_0p9__B_1p10__R_0__E_m0p4__ndiv_8__reps_3\part_001_ix_001_001.txt
Lanzando job 2: ix=2..2 -> c_paper\out\raw\initial_plane\parts\N1_1500__N2_300__P11_0p9__P12_0p03__P22_0p9__B_1p10__R_0__E_m0p4__ndiv_8__reps_3\part_002_ix_002_002.txt
Lanzando job 3: ix=3..3 -> c_paper\out\raw\initial_plane\parts\N1_1500__N2_300__P11_0p9__P12_0p03__P22_0p9__B_1p10__R_0__E_m0p4__ndiv_8__reps_3\part_003_ix_003_003.txt
Lanzando job 4: ix=4..4 -> c_paper\out\raw\initial_plane\parts\N1_1500__N2_300__P11_0p9__P12_0p03__P22_0p9__B_1p10__R_0__E_m0p4__ndiv_8__reps_3\part_004_ix_004_004.txt
Lanzando job 5: ix=5..5 -> c_paper\out\raw\initial_plane\parts\N1_1500__N2_300__P11_0p9__P12_0p03__P22_0p9__B_1p10__R_0__E_m0p4__ndiv_8__reps_3\part_005_ix_005_005.txt
Lanzando job 6: ix=6..6 -> c_paper\out\raw\initial_plane\parts\N1_1500__N2_300__P11_0p9__P12_0p03__P22_0p9__B_1p10__R_0__E_m0p4__ndiv_8__reps_3\part_006_ix_006_006.txt
Lanzando job 7: ix=7..7 -> c_paper\out\raw\initial_plane\parts\N1_1500__N2_300__P11_0p9__P12_0p03__P22_0p9__B_1p10__R_0__E_m0p4__ndiv_8__reps_3\part_007_ix_007_007.txt
Lanzando job 8: ix=8..8 -> c_paper\out\raw\initial_plane\parts\N1_1500__N2_300__P11_0p9__P12_0p03__P22_0p9__B_1p10__R_0__E_m0p4__ndiv_8__reps_3\part_008_ix_008_008.txt
Ejecucion paralela terminada.
Salida final: c_paper/out/raw/initial_plane/initial_plane__N1_1500__N2_300__P11_0p9__P12_0p03__P22_0p9__B_1p10__R_0__E_m0p4__ndiv_8__reps_3.txt
Parciales: c_paper\out\raw\initial_plane\parts\N1_1500__N2_300__P11_0p9__P12_0p03__P22_0p9__B_1p10__R_0__E_m0p4__ndiv_8__reps_3
2026-05-05 17:16:11 END 8/8: N1_1500__N2_300__P11_0p9__P12_0p03__P22_0p9__B_1p10__R_0__E_m0p4__ndiv_8__reps_3 elapsed=01:00:29.0658739
2026-05-05 17:16:11 Cola terminada correctamente.
2026-05-05 17:16:11 config.h restaurado desde el estado inicial de la cola.
Copiados 8 experimentos nuevos a c_paper/out/experiments/2026-05-03_highN_strong_asymmetry
