2026-05-07 17:12:31 Cola initial_plane preparada: preset=relaxationCriticalPNarrowT400k simulaciones=4. Jobs=12 NDiv=8 NReps=3
2026-05-07 17:12:31 Manifest: c_paper/out/logs/initial_plane_queue_relaxationCriticalPNarrowT400k_20260507_171231.tsv
2026-05-07 17:12:31 START 1/4: N1_500__N2_500__P11_0p720__P12_0p20__P22_0p720__B_1p15__R_0__E_m0p4__TMAX_400000__ndiv_8__reps_3
Configuracion initial plane: Jobs=12 NDiv=8 NReps=3
Etiqueta: N1_500__N2_500__P11_0p720__P12_0p20__P22_0p720__B_1p15__R_0__E_m0p4__TMAX_400000__ndiv_8__reps_3
Carpeta de parciales: c_paper\out\raw\initial_plane\parts\N1_500__N2_500__P11_0p720__P12_0p20__P22_0p720__B_1p15__R_0__E_m0p4__TMAX_400000__ndiv_8__reps_3
Lanzando job 0: ix=0..0 -> c_paper\out\raw\initial_plane\parts\N1_500__N2_500__P11_0p720__P12_0p20__P22_0p720__B_1p15__R_0__E_m0p4__TMAX_400000__ndiv_8__reps_3\part_000_ix_000_000.txt
Lanzando job 1: ix=1..1 -> c_paper\out\raw\initial_plane\parts\N1_500__N2_500__P11_0p720__P12_0p20__P22_0p720__B_1p15__R_0__E_m0p4__TMAX_400000__ndiv_8__reps_3\part_001_ix_001_001.txt
Lanzando job 2: ix=2..2 -> c_paper\out\raw\initial_plane\parts\N1_500__N2_500__P11_0p720__P12_0p20__P22_0p720__B_1p15__R_0__E_m0p4__TMAX_400000__ndiv_8__reps_3\part_002_ix_002_002.txt
Lanzando job 3: ix=3..3 -> c_paper\out\raw\initial_plane\parts\N1_500__N2_500__P11_0p720__P12_0p20__P22_0p720__B_1p15__R_0__E_m0p4__TMAX_400000__ndiv_8__reps_3\part_003_ix_003_003.txt
Lanzando job 4: ix=4..4 -> c_paper\out\raw\initial_plane\parts\N1_500__N2_500__P11_0p720__P12_0p20__P22_0p720__B_1p15__R_0__E_m0p4__TMAX_400000__ndiv_8__reps_3\part_004_ix_004_004.txt
Lanzando job 5: ix=5..5 -> c_paper\out\raw\initial_plane\parts\N1_500__N2_500__P11_0p720__P12_0p20__P22_0p720__B_1p15__R_0__E_m0p4__TMAX_400000__ndiv_8__reps_3\part_005_ix_005_005.txt
Lanzando job 6: ix=6..6 -> c_paper\out\raw\initial_plane\parts\N1_500__N2_500__P11_0p720__P12_0p20__P22_0p720__B_1p15__R_0__E_m0p4__TMAX_400000__ndiv_8__reps_3\part_006_ix_006_006.txt
Lanzando job 7: ix=7..7 -> c_paper\out\raw\initial_plane\parts\N1_500__N2_500__P11_0p720__P12_0p20__P22_0p720__B_1p15__R_0__E_m0p4__TMAX_400000__ndiv_8__reps_3\part_007_ix_007_007.txt
Lanzando job 8: ix=8..8 -> c_paper\out\raw\initial_plane\parts\N1_500__N2_500__P11_0p720__P12_0p20__P22_0p720__B_1p15__R_0__E_m0p4__TMAX_400000__ndiv_8__reps_3\part_008_ix_008_008.txt
Ejecucion paralela terminada.
Salida final: c_paper/out/raw/initial_plane/initial_plane__N1_500__N2_500__P11_0p720__P12_0p20__P22_0p720__B_1p15__R_0__E_m0p4__TMAX_400000__ndiv_8__reps_3.txt
Parciales: c_paper\out\raw\initial_plane\parts\N1_500__N2_500__P11_0p720__P12_0p20__P22_0p720__B_1p15__R_0__E_m0p4__TMAX_400000__ndiv_8__reps_3
2026-05-07 17:51:08 END 1/4: N1_500__N2_500__P11_0p720__P12_0p20__P22_0p720__B_1p15__R_0__E_m0p4__TMAX_400000__ndiv_8__reps_3 elapsed=00:38:36.8881246
2026-05-07 17:51:08 START 2/4: N1_500__N2_500__P11_0p725__P12_0p20__P22_0p725__B_1p15__R_0__E_m0p4__TMAX_400000__ndiv_8__reps_3
Configuracion initial plane: Jobs=12 NDiv=8 NReps=3
Etiqueta: N1_500__N2_500__P11_0p725__P12_0p20__P22_0p725__B_1p15__R_0__E_m0p4__TMAX_400000__ndiv_8__reps_3
Carpeta de parciales: c_paper\out\raw\initial_plane\parts\N1_500__N2_500__P11_0p725__P12_0p20__P22_0p725__B_1p15__R_0__E_m0p4__TMAX_400000__ndiv_8__reps_3
Lanzando job 0: ix=0..0 -> c_paper\out\raw\initial_plane\parts\N1_500__N2_500__P11_0p725__P12_0p20__P22_0p725__B_1p15__R_0__E_m0p4__TMAX_400000__ndiv_8__reps_3\part_000_ix_000_000.txt
Lanzando job 1: ix=1..1 -> c_paper\out\raw\initial_plane\parts\N1_500__N2_500__P11_0p725__P12_0p20__P22_0p725__B_1p15__R_0__E_m0p4__TMAX_400000__ndiv_8__reps_3\part_001_ix_001_001.txt
Lanzando job 2: ix=2..2 -> c_paper\out\raw\initial_plane\parts\N1_500__N2_500__P11_0p725__P12_0p20__P22_0p725__B_1p15__R_0__E_m0p4__TMAX_400000__ndiv_8__reps_3\part_002_ix_002_002.txt
Lanzando job 3: ix=3..3 -> c_paper\out\raw\initial_plane\parts\N1_500__N2_500__P11_0p725__P12_0p20__P22_0p725__B_1p15__R_0__E_m0p4__TMAX_400000__ndiv_8__reps_3\part_003_ix_003_003.txt
Lanzando job 4: ix=4..4 -> c_paper\out\raw\initial_plane\parts\N1_500__N2_500__P11_0p725__P12_0p20__P22_0p725__B_1p15__R_0__E_m0p4__TMAX_400000__ndiv_8__reps_3\part_004_ix_004_004.txt
Lanzando job 5: ix=5..5 -> c_paper\out\raw\initial_plane\parts\N1_500__N2_500__P11_0p725__P12_0p20__P22_0p725__B_1p15__R_0__E_m0p4__TMAX_400000__ndiv_8__reps_3\part_005_ix_005_005.txt
Lanzando job 6: ix=6..6 -> c_paper\out\raw\initial_plane\parts\N1_500__N2_500__P11_0p725__P12_0p20__P22_0p725__B_1p15__R_0__E_m0p4__TMAX_400000__ndiv_8__reps_3\part_006_ix_006_006.txt
Lanzando job 7: ix=7..7 -> c_paper\out\raw\initial_plane\parts\N1_500__N2_500__P11_0p725__P12_0p20__P22_0p725__B_1p15__R_0__E_m0p4__TMAX_400000__ndiv_8__reps_3\part_007_ix_007_007.txt
Lanzando job 8: ix=8..8 -> c_paper\out\raw\initial_plane\parts\N1_500__N2_500__P11_0p725__P12_0p20__P22_0p725__B_1p15__R_0__E_m0p4__TMAX_400000__ndiv_8__reps_3\part_008_ix_008_008.txt
Ejecucion paralela terminada.
Salida final: c_paper/out/raw/initial_plane/initial_plane__N1_500__N2_500__P11_0p725__P12_0p20__P22_0p725__B_1p15__R_0__E_m0p4__TMAX_400000__ndiv_8__reps_3.txt
Parciales: c_paper\out\raw\initial_plane\parts\N1_500__N2_500__P11_0p725__P12_0p20__P22_0p725__B_1p15__R_0__E_m0p4__TMAX_400000__ndiv_8__reps_3
2026-05-07 18:50:06 END 2/4: N1_500__N2_500__P11_0p725__P12_0p20__P22_0p725__B_1p15__R_0__E_m0p4__TMAX_400000__ndiv_8__reps_3 elapsed=00:58:58.1530480
2026-05-07 18:50:06 START 3/4: N1_500__N2_500__P11_0p735__P12_0p20__P22_0p735__B_1p15__R_0__E_m0p4__TMAX_400000__ndiv_8__reps_3
Configuracion initial plane: Jobs=12 NDiv=8 NReps=3
Etiqueta: N1_500__N2_500__P11_0p735__P12_0p20__P22_0p735__B_1p15__R_0__E_m0p4__TMAX_400000__ndiv_8__reps_3
Carpeta de parciales: c_paper\out\raw\initial_plane\parts\N1_500__N2_500__P11_0p735__P12_0p20__P22_0p735__B_1p15__R_0__E_m0p4__TMAX_400000__ndiv_8__reps_3
Lanzando job 0: ix=0..0 -> c_paper\out\raw\initial_plane\parts\N1_500__N2_500__P11_0p735__P12_0p20__P22_0p735__B_1p15__R_0__E_m0p4__TMAX_400000__ndiv_8__reps_3\part_000_ix_000_000.txt
Lanzando job 1: ix=1..1 -> c_paper\out\raw\initial_plane\parts\N1_500__N2_500__P11_0p735__P12_0p20__P22_0p735__B_1p15__R_0__E_m0p4__TMAX_400000__ndiv_8__reps_3\part_001_ix_001_001.txt
Lanzando job 2: ix=2..2 -> c_paper\out\raw\initial_plane\parts\N1_500__N2_500__P11_0p735__P12_0p20__P22_0p735__B_1p15__R_0__E_m0p4__TMAX_400000__ndiv_8__reps_3\part_002_ix_002_002.txt
Lanzando job 3: ix=3..3 -> c_paper\out\raw\initial_plane\parts\N1_500__N2_500__P11_0p735__P12_0p20__P22_0p735__B_1p15__R_0__E_m0p4__TMAX_400000__ndiv_8__reps_3\part_003_ix_003_003.txt
Lanzando job 4: ix=4..4 -> c_paper\out\raw\initial_plane\parts\N1_500__N2_500__P11_0p735__P12_0p20__P22_0p735__B_1p15__R_0__E_m0p4__TMAX_400000__ndiv_8__reps_3\part_004_ix_004_004.txt
Lanzando job 5: ix=5..5 -> c_paper\out\raw\initial_plane\parts\N1_500__N2_500__P11_0p735__P12_0p20__P22_0p735__B_1p15__R_0__E_m0p4__TMAX_400000__ndiv_8__reps_3\part_005_ix_005_005.txt
Lanzando job 6: ix=6..6 -> c_paper\out\raw\initial_plane\parts\N1_500__N2_500__P11_0p735__P12_0p20__P22_0p735__B_1p15__R_0__E_m0p4__TMAX_400000__ndiv_8__reps_3\part_006_ix_006_006.txt
Lanzando job 7: ix=7..7 -> c_paper\out\raw\initial_plane\parts\N1_500__N2_500__P11_0p735__P12_0p20__P22_0p735__B_1p15__R_0__E_m0p4__TMAX_400000__ndiv_8__reps_3\part_007_ix_007_007.txt
Lanzando job 8: ix=8..8 -> c_paper\out\raw\initial_plane\parts\N1_500__N2_500__P11_0p735__P12_0p20__P22_0p735__B_1p15__R_0__E_m0p4__TMAX_400000__ndiv_8__reps_3\part_008_ix_008_008.txt
Ejecucion paralela terminada.
Salida final: c_paper/out/raw/initial_plane/initial_plane__N1_500__N2_500__P11_0p735__P12_0p20__P22_0p735__B_1p15__R_0__E_m0p4__TMAX_400000__ndiv_8__reps_3.txt
Parciales: c_paper\out\raw\initial_plane\parts\N1_500__N2_500__P11_0p735__P12_0p20__P22_0p735__B_1p15__R_0__E_m0p4__TMAX_400000__ndiv_8__reps_3
2026-05-07 20:12:57 END 3/4: N1_500__N2_500__P11_0p735__P12_0p20__P22_0p735__B_1p15__R_0__E_m0p4__TMAX_400000__ndiv_8__reps_3 elapsed=01:22:51.3097923
2026-05-07 20:12:57 START 4/4: N1_500__N2_500__P11_0p740__P12_0p20__P22_0p740__B_1p15__R_0__E_m0p4__TMAX_400000__ndiv_8__reps_3
Configuracion initial plane: Jobs=12 NDiv=8 NReps=3
Etiqueta: N1_500__N2_500__P11_0p740__P12_0p20__P22_0p740__B_1p15__R_0__E_m0p4__TMAX_400000__ndiv_8__reps_3
Carpeta de parciales: c_paper\out\raw\initial_plane\parts\N1_500__N2_500__P11_0p740__P12_0p20__P22_0p740__B_1p15__R_0__E_m0p4__TMAX_400000__ndiv_8__reps_3
Lanzando job 0: ix=0..0 -> c_paper\out\raw\initial_plane\parts\N1_500__N2_500__P11_0p740__P12_0p20__P22_0p740__B_1p15__R_0__E_m0p4__TMAX_400000__ndiv_8__reps_3\part_000_ix_000_000.txt
Lanzando job 1: ix=1..1 -> c_paper\out\raw\initial_plane\parts\N1_500__N2_500__P11_0p740__P12_0p20__P22_0p740__B_1p15__R_0__E_m0p4__TMAX_400000__ndiv_8__reps_3\part_001_ix_001_001.txt
Lanzando job 2: ix=2..2 -> c_paper\out\raw\initial_plane\parts\N1_500__N2_500__P11_0p740__P12_0p20__P22_0p740__B_1p15__R_0__E_m0p4__TMAX_400000__ndiv_8__reps_3\part_002_ix_002_002.txt
Lanzando job 3: ix=3..3 -> c_paper\out\raw\initial_plane\parts\N1_500__N2_500__P11_0p740__P12_0p20__P22_0p740__B_1p15__R_0__E_m0p4__TMAX_400000__ndiv_8__reps_3\part_003_ix_003_003.txt
Lanzando job 4: ix=4..4 -> c_paper\out\raw\initial_plane\parts\N1_500__N2_500__P11_0p740__P12_0p20__P22_0p740__B_1p15__R_0__E_m0p4__TMAX_400000__ndiv_8__reps_3\part_004_ix_004_004.txt
Lanzando job 5: ix=5..5 -> c_paper\out\raw\initial_plane\parts\N1_500__N2_500__P11_0p740__P12_0p20__P22_0p740__B_1p15__R_0__E_m0p4__TMAX_400000__ndiv_8__reps_3\part_005_ix_005_005.txt
Lanzando job 6: ix=6..6 -> c_paper\out\raw\initial_plane\parts\N1_500__N2_500__P11_0p740__P12_0p20__P22_0p740__B_1p15__R_0__E_m0p4__TMAX_400000__ndiv_8__reps_3\part_006_ix_006_006.txt
Lanzando job 7: ix=7..7 -> c_paper\out\raw\initial_plane\parts\N1_500__N2_500__P11_0p740__P12_0p20__P22_0p740__B_1p15__R_0__E_m0p4__TMAX_400000__ndiv_8__reps_3\part_007_ix_007_007.txt
Lanzando job 8: ix=8..8 -> c_paper\out\raw\initial_plane\parts\N1_500__N2_500__P11_0p740__P12_0p20__P22_0p740__B_1p15__R_0__E_m0p4__TMAX_400000__ndiv_8__reps_3\part_008_ix_008_008.txt
Ejecucion paralela terminada.
Salida final: c_paper/out/raw/initial_plane/initial_plane__N1_500__N2_500__P11_0p740__P12_0p20__P22_0p740__B_1p15__R_0__E_m0p4__TMAX_400000__ndiv_8__reps_3.txt
Parciales: c_paper\out\raw\initial_plane\parts\N1_500__N2_500__P11_0p740__P12_0p20__P22_0p740__B_1p15__R_0__E_m0p4__TMAX_400000__ndiv_8__reps_3
2026-05-07 21:57:02 END 4/4: N1_500__N2_500__P11_0p740__P12_0p20__P22_0p740__B_1p15__R_0__E_m0p4__TMAX_400000__ndiv_8__reps_3 elapsed=01:44:05.2837627
2026-05-07 21:57:02 Cola terminada correctamente.
2026-05-07 21:57:02 config.h restaurado desde el estado inicial de la cola.
ADVERTENCIA: No existe plot: 
c_paper/out/plots/initial_plane/initial_plane__N1_500__N2_500__P11_0p720__P12_0p20__P22_0p720__B_1p15__R_0__E_m0p4__TMA
X_400000__ndiv_8__reps_3.png
ADVERTENCIA: No existe plot: 
c_paper/out/plots/initial_plane/initial_plane__N1_500__N2_500__P11_0p725__P12_0p20__P22_0p725__B_1p15__R_0__E_m0p4__TMA
X_400000__ndiv_8__reps_3.png
ADVERTENCIA: No existe plot: 
c_paper/out/plots/initial_plane/initial_plane__N1_500__N2_500__P11_0p735__P12_0p20__P22_0p735__B_1p15__R_0__E_m0p4__TMA
X_400000__ndiv_8__reps_3.png
ADVERTENCIA: No existe plot: 
c_paper/out/plots/initial_plane/initial_plane__N1_500__N2_500__P11_0p740__P12_0p20__P22_0p740__B_1p15__R_0__E_m0p4__TMA
X_400000__ndiv_8__reps_3.png
Experimento curado: c_paper/out/experiments/2026-05-07_relaxation_critical_p_narrow_TMAX400k
Simulaciones copiadas: 4
c_paper\out\experiments\2026-05-07_relaxation_critical_p_narrow_TMAX400k: wrote 4 diagnostics to c_paper\out\experiments\2026-05-07_relaxation_critical_p_narrow_TMAX400k\diagnostics_time
Cola p_narrow completa.
