2026-05-06 09:35:07 Cola initial_plane preparada: preset=relaxationP073T200k simulaciones=1. Jobs=12 NDiv=8 NReps=3
2026-05-06 09:35:07 Manifest: c_paper/out/logs/initial_plane_queue_relaxationP073T200k_20260506_093507.tsv
2026-05-06 09:35:07 START 1/1: N1_500__N2_500__P11_0p73__P12_0p20__P22_0p73__B_1p15__R_0__E_m0p4__TMAX_200000__ndiv_8__reps_3
Configuracion initial plane: Jobs=12 NDiv=8 NReps=3
Etiqueta: N1_500__N2_500__P11_0p73__P12_0p20__P22_0p73__B_1p15__R_0__E_m0p4__TMAX_200000__ndiv_8__reps_3
Carpeta de parciales: c_paper\out\raw\initial_plane\parts\N1_500__N2_500__P11_0p73__P12_0p20__P22_0p73__B_1p15__R_0__E_m0p4__TMAX_200000__ndiv_8__reps_3
Lanzando job 0: ix=0..0 -> c_paper\out\raw\initial_plane\parts\N1_500__N2_500__P11_0p73__P12_0p20__P22_0p73__B_1p15__R_0__E_m0p4__TMAX_200000__ndiv_8__reps_3\part_000_ix_000_000.txt
Lanzando job 1: ix=1..1 -> c_paper\out\raw\initial_plane\parts\N1_500__N2_500__P11_0p73__P12_0p20__P22_0p73__B_1p15__R_0__E_m0p4__TMAX_200000__ndiv_8__reps_3\part_001_ix_001_001.txt
Lanzando job 2: ix=2..2 -> c_paper\out\raw\initial_plane\parts\N1_500__N2_500__P11_0p73__P12_0p20__P22_0p73__B_1p15__R_0__E_m0p4__TMAX_200000__ndiv_8__reps_3\part_002_ix_002_002.txt
Lanzando job 3: ix=3..3 -> c_paper\out\raw\initial_plane\parts\N1_500__N2_500__P11_0p73__P12_0p20__P22_0p73__B_1p15__R_0__E_m0p4__TMAX_200000__ndiv_8__reps_3\part_003_ix_003_003.txt
Lanzando job 4: ix=4..4 -> c_paper\out\raw\initial_plane\parts\N1_500__N2_500__P11_0p73__P12_0p20__P22_0p73__B_1p15__R_0__E_m0p4__TMAX_200000__ndiv_8__reps_3\part_004_ix_004_004.txt
Lanzando job 5: ix=5..5 -> c_paper\out\raw\initial_plane\parts\N1_500__N2_500__P11_0p73__P12_0p20__P22_0p73__B_1p15__R_0__E_m0p4__TMAX_200000__ndiv_8__reps_3\part_005_ix_005_005.txt
Lanzando job 6: ix=6..6 -> c_paper\out\raw\initial_plane\parts\N1_500__N2_500__P11_0p73__P12_0p20__P22_0p73__B_1p15__R_0__E_m0p4__TMAX_200000__ndiv_8__reps_3\part_006_ix_006_006.txt
Lanzando job 7: ix=7..7 -> c_paper\out\raw\initial_plane\parts\N1_500__N2_500__P11_0p73__P12_0p20__P22_0p73__B_1p15__R_0__E_m0p4__TMAX_200000__ndiv_8__reps_3\part_007_ix_007_007.txt
Lanzando job 8: ix=8..8 -> c_paper\out\raw\initial_plane\parts\N1_500__N2_500__P11_0p73__P12_0p20__P22_0p73__B_1p15__R_0__E_m0p4__TMAX_200000__ndiv_8__reps_3\part_008_ix_008_008.txt
Ejecucion paralela terminada.
Salida final: c_paper/out/raw/initial_plane/initial_plane__N1_500__N2_500__P11_0p73__P12_0p20__P22_0p73__B_1p15__R_0__E_m0p4__TMAX_200000__ndiv_8__reps_3.txt
Parciales: c_paper\out\raw\initial_plane\parts\N1_500__N2_500__P11_0p73__P12_0p20__P22_0p73__B_1p15__R_0__E_m0p4__TMAX_200000__ndiv_8__reps_3
2026-05-06 10:40:01 END 1/1: N1_500__N2_500__P11_0p73__P12_0p20__P22_0p73__B_1p15__R_0__E_m0p4__TMAX_200000__ndiv_8__reps_3 elapsed=01:04:53.9060288
2026-05-06 10:40:01 Cola terminada correctamente.
2026-05-06 10:40:01 config.h restaurado desde el estado inicial de la cola.
c_paper\out\experiments\2026-05-06_relaxation_p073_TMAX200k: wrote 1 diagnostics to c_paper\out\experiments\2026-05-06_relaxation_p073_TMAX200k\diagnostics_time
Experimento curado: c_paper/out/experiments/2026-05-06_relaxation_p073_TMAX200k
Simulaciones copiadas: 
