2026-05-09 17:17:11 Cola initial_plane preparada: preset=torreCriticalBoundaryRobustT400k simulaciones=4. Jobs=9 NDiv=8 NReps=5
2026-05-09 17:17:11 Manifest: c_paper/out/logs/initial_plane_queue_torreCriticalBoundaryRobustT400k_20260509_171711.tsv
2026-05-09 17:17:11 SKIP 1/4: N1_500__N2_500__P11_0p80__P12_0p21__P22_0p80__B_1p15__R_0__E_m0p4__ndiv_8__reps_5 output existente=c_paper/out/raw/initial_plane/initial_plane__N1_500__N2_500__P11_0p80__P12_0p21__P22_0p80__B_1p15__R_0__E_m0p4__ndiv_8__reps_5.txt
2026-05-09 17:17:11 START 2/4: N1_500__N2_500__P11_0p80__P12_0p22__P22_0p80__B_1p15__R_0__E_m0p4__ndiv_8__reps_5
Configuracion initial plane: Jobs=9 NDiv=8 NReps=5
Etiqueta: N1_500__N2_500__P11_0p80__P12_0p22__P22_0p80__B_1p15__R_0__E_m0p4__ndiv_8__reps_5
Carpeta de parciales: c_paper\out\raw\initial_plane\parts\N1_500__N2_500__P11_0p80__P12_0p22__P22_0p80__B_1p15__R_0__E_m0p4__ndiv_8__reps_5
Lanzando job 0: ix=0..0 -> c_paper\out\raw\initial_plane\parts\N1_500__N2_500__P11_0p80__P12_0p22__P22_0p80__B_1p15__R_0__E_m0p4__ndiv_8__reps_5\part_000_ix_000_000.txt
Lanzando job 1: ix=1..1 -> c_paper\out\raw\initial_plane\parts\N1_500__N2_500__P11_0p80__P12_0p22__P22_0p80__B_1p15__R_0__E_m0p4__ndiv_8__reps_5\part_001_ix_001_001.txt
Lanzando job 2: ix=2..2 -> c_paper\out\raw\initial_plane\parts\N1_500__N2_500__P11_0p80__P12_0p22__P22_0p80__B_1p15__R_0__E_m0p4__ndiv_8__reps_5\part_002_ix_002_002.txt
Lanzando job 3: ix=3..3 -> c_paper\out\raw\initial_plane\parts\N1_500__N2_500__P11_0p80__P12_0p22__P22_0p80__B_1p15__R_0__E_m0p4__ndiv_8__reps_5\part_003_ix_003_003.txt
Lanzando job 4: ix=4..4 -> c_paper\out\raw\initial_plane\parts\N1_500__N2_500__P11_0p80__P12_0p22__P22_0p80__B_1p15__R_0__E_m0p4__ndiv_8__reps_5\part_004_ix_004_004.txt
Lanzando job 5: ix=5..5 -> c_paper\out\raw\initial_plane\parts\N1_500__N2_500__P11_0p80__P12_0p22__P22_0p80__B_1p15__R_0__E_m0p4__ndiv_8__reps_5\part_005_ix_005_005.txt
Lanzando job 6: ix=6..6 -> c_paper\out\raw\initial_plane\parts\N1_500__N2_500__P11_0p80__P12_0p22__P22_0p80__B_1p15__R_0__E_m0p4__ndiv_8__reps_5\part_006_ix_006_006.txt
Lanzando job 7: ix=7..7 -> c_paper\out\raw\initial_plane\parts\N1_500__N2_500__P11_0p80__P12_0p22__P22_0p80__B_1p15__R_0__E_m0p4__ndiv_8__reps_5\part_007_ix_007_007.txt
Lanzando job 8: ix=8..8 -> c_paper\out\raw\initial_plane\parts\N1_500__N2_500__P11_0p80__P12_0p22__P22_0p80__B_1p15__R_0__E_m0p4__ndiv_8__reps_5\part_008_ix_008_008.txt
Ejecucion paralela terminada.
Salida final: c_paper/out/raw/initial_plane/initial_plane__N1_500__N2_500__P11_0p80__P12_0p22__P22_0p80__B_1p15__R_0__E_m0p4__ndiv_8__reps_5.txt
Parciales: c_paper\out\raw\initial_plane\parts\N1_500__N2_500__P11_0p80__P12_0p22__P22_0p80__B_1p15__R_0__E_m0p4__ndiv_8__reps_5
2026-05-09 18:38:54 END 2/4: N1_500__N2_500__P11_0p80__P12_0p22__P22_0p80__B_1p15__R_0__E_m0p4__ndiv_8__reps_5 elapsed=01:21:43.2868856
2026-05-09 18:38:54 START 3/4: N1_500__N2_500__P11_0p82__P12_0p22__P22_0p82__B_1p15__R_0__E_m0p4__ndiv_8__reps_5
Configuracion initial plane: Jobs=9 NDiv=8 NReps=5
Etiqueta: N1_500__N2_500__P11_0p82__P12_0p22__P22_0p82__B_1p15__R_0__E_m0p4__ndiv_8__reps_5
Carpeta de parciales: c_paper\out\raw\initial_plane\parts\N1_500__N2_500__P11_0p82__P12_0p22__P22_0p82__B_1p15__R_0__E_m0p4__ndiv_8__reps_5
Lanzando job 0: ix=0..0 -> c_paper\out\raw\initial_plane\parts\N1_500__N2_500__P11_0p82__P12_0p22__P22_0p82__B_1p15__R_0__E_m0p4__ndiv_8__reps_5\part_000_ix_000_000.txt
Lanzando job 1: ix=1..1 -> c_paper\out\raw\initial_plane\parts\N1_500__N2_500__P11_0p82__P12_0p22__P22_0p82__B_1p15__R_0__E_m0p4__ndiv_8__reps_5\part_001_ix_001_001.txt
Lanzando job 2: ix=2..2 -> c_paper\out\raw\initial_plane\parts\N1_500__N2_500__P11_0p82__P12_0p22__P22_0p82__B_1p15__R_0__E_m0p4__ndiv_8__reps_5\part_002_ix_002_002.txt
Lanzando job 3: ix=3..3 -> c_paper\out\raw\initial_plane\parts\N1_500__N2_500__P11_0p82__P12_0p22__P22_0p82__B_1p15__R_0__E_m0p4__ndiv_8__reps_5\part_003_ix_003_003.txt
Lanzando job 4: ix=4..4 -> c_paper\out\raw\initial_plane\parts\N1_500__N2_500__P11_0p82__P12_0p22__P22_0p82__B_1p15__R_0__E_m0p4__ndiv_8__reps_5\part_004_ix_004_004.txt
Lanzando job 5: ix=5..5 -> c_paper\out\raw\initial_plane\parts\N1_500__N2_500__P11_0p82__P12_0p22__P22_0p82__B_1p15__R_0__E_m0p4__ndiv_8__reps_5\part_005_ix_005_005.txt
Lanzando job 6: ix=6..6 -> c_paper\out\raw\initial_plane\parts\N1_500__N2_500__P11_0p82__P12_0p22__P22_0p82__B_1p15__R_0__E_m0p4__ndiv_8__reps_5\part_006_ix_006_006.txt
Lanzando job 7: ix=7..7 -> c_paper\out\raw\initial_plane\parts\N1_500__N2_500__P11_0p82__P12_0p22__P22_0p82__B_1p15__R_0__E_m0p4__ndiv_8__reps_5\part_007_ix_007_007.txt
Lanzando job 8: ix=8..8 -> c_paper\out\raw\initial_plane\parts\N1_500__N2_500__P11_0p82__P12_0p22__P22_0p82__B_1p15__R_0__E_m0p4__ndiv_8__reps_5\part_008_ix_008_008.txt
Ejecucion paralela terminada.
Salida final: c_paper/out/raw/initial_plane/initial_plane__N1_500__N2_500__P11_0p82__P12_0p22__P22_0p82__B_1p15__R_0__E_m0p4__ndiv_8__reps_5.txt
Parciales: c_paper\out\raw\initial_plane\parts\N1_500__N2_500__P11_0p82__P12_0p22__P22_0p82__B_1p15__R_0__E_m0p4__ndiv_8__reps_5
2026-05-09 20:20:42 END 3/4: N1_500__N2_500__P11_0p82__P12_0p22__P22_0p82__B_1p15__R_0__E_m0p4__ndiv_8__reps_5 elapsed=01:41:47.9282952
2026-05-09 20:20:42 START 4/4: N1_500__N2_500__P11_0p86__P12_0p23__P22_0p86__B_1p15__R_0__E_m0p4__ndiv_8__reps_5
Configuracion initial plane: Jobs=9 NDiv=8 NReps=5
Etiqueta: N1_500__N2_500__P11_0p86__P12_0p23__P22_0p86__B_1p15__R_0__E_m0p4__ndiv_8__reps_5
Carpeta de parciales: c_paper\out\raw\initial_plane\parts\N1_500__N2_500__P11_0p86__P12_0p23__P22_0p86__B_1p15__R_0__E_m0p4__ndiv_8__reps_5
Lanzando job 0: ix=0..0 -> c_paper\out\raw\initial_plane\parts\N1_500__N2_500__P11_0p86__P12_0p23__P22_0p86__B_1p15__R_0__E_m0p4__ndiv_8__reps_5\part_000_ix_000_000.txt
Lanzando job 1: ix=1..1 -> c_paper\out\raw\initial_plane\parts\N1_500__N2_500__P11_0p86__P12_0p23__P22_0p86__B_1p15__R_0__E_m0p4__ndiv_8__reps_5\part_001_ix_001_001.txt
Lanzando job 2: ix=2..2 -> c_paper\out\raw\initial_plane\parts\N1_500__N2_500__P11_0p86__P12_0p23__P22_0p86__B_1p15__R_0__E_m0p4__ndiv_8__reps_5\part_002_ix_002_002.txt
Lanzando job 3: ix=3..3 -> c_paper\out\raw\initial_plane\parts\N1_500__N2_500__P11_0p86__P12_0p23__P22_0p86__B_1p15__R_0__E_m0p4__ndiv_8__reps_5\part_003_ix_003_003.txt
Lanzando job 4: ix=4..4 -> c_paper\out\raw\initial_plane\parts\N1_500__N2_500__P11_0p86__P12_0p23__P22_0p86__B_1p15__R_0__E_m0p4__ndiv_8__reps_5\part_004_ix_004_004.txt
Lanzando job 5: ix=5..5 -> c_paper\out\raw\initial_plane\parts\N1_500__N2_500__P11_0p86__P12_0p23__P22_0p86__B_1p15__R_0__E_m0p4__ndiv_8__reps_5\part_005_ix_005_005.txt
Lanzando job 6: ix=6..6 -> c_paper\out\raw\initial_plane\parts\N1_500__N2_500__P11_0p86__P12_0p23__P22_0p86__B_1p15__R_0__E_m0p4__ndiv_8__reps_5\part_006_ix_006_006.txt
Lanzando job 7: ix=7..7 -> c_paper\out\raw\initial_plane\parts\N1_500__N2_500__P11_0p86__P12_0p23__P22_0p86__B_1p15__R_0__E_m0p4__ndiv_8__reps_5\part_007_ix_007_007.txt
Lanzando job 8: ix=8..8 -> c_paper\out\raw\initial_plane\parts\N1_500__N2_500__P11_0p86__P12_0p23__P22_0p86__B_1p15__R_0__E_m0p4__ndiv_8__reps_5\part_008_ix_008_008.txt
Ejecucion paralela terminada.
Salida final: c_paper/out/raw/initial_plane/initial_plane__N1_500__N2_500__P11_0p86__P12_0p23__P22_0p86__B_1p15__R_0__E_m0p4__ndiv_8__reps_5.txt
Parciales: c_paper\out\raw\initial_plane\parts\N1_500__N2_500__P11_0p86__P12_0p23__P22_0p86__B_1p15__R_0__E_m0p4__ndiv_8__reps_5
2026-05-09 22:14:52 END 4/4: N1_500__N2_500__P11_0p86__P12_0p23__P22_0p86__B_1p15__R_0__E_m0p4__ndiv_8__reps_5 elapsed=01:54:09.9385283
2026-05-09 22:14:52 Cola terminada correctamente.
2026-05-09 22:14:52 config.h restaurado desde el estado inicial de la cola.
ADVERTENCIA: No existe plot: 
c_paper/out/plots/initial_plane/initial_plane__N1_500__N2_500__P11_0p80__P12_0p21__P22_0p80__B_1p15__R_0__E_m0p4__ndiv_
8__reps_5.png
ADVERTENCIA: No existe plot: 
c_paper/out/plots/initial_plane/initial_plane__N1_500__N2_500__P11_0p80__P12_0p22__P22_0p80__B_1p15__R_0__E_m0p4__ndiv_
8__reps_5.png
ADVERTENCIA: No existe plot: 
c_paper/out/plots/initial_plane/initial_plane__N1_500__N2_500__P11_0p82__P12_0p22__P22_0p82__B_1p15__R_0__E_m0p4__ndiv_
8__reps_5.png
ADVERTENCIA: No existe plot: 
c_paper/out/plots/initial_plane/initial_plane__N1_500__N2_500__P11_0p86__P12_0p23__P22_0p86__B_1p15__R_0__E_m0p4__ndiv_
8__reps_5.png
Experimento curado: c_paper/out/experiments/torre_2026-05-08_boundary_robust_TMAX400k
Simulaciones copiadas: 4
c_paper\out\experiments\torre_2026-05-08_boundary_robust_TMAX400k: wrote 4 diagnostics to c_paper\out\experiments\torre_2026-05-08_boundary_robust_TMAX400k\diagnostics_time
Scan terminado: torre_2026-05-08_boundary_robust_TMAX400k
Manifest: C:\simulaciones\guerra-mafias\c_paper\out\logs\initial_plane_queue_torreCriticalBoundaryRobustT400k_20260509_171711.tsv
