2026-05-08 10:45:54 Cola initial_plane preparada: preset=torreCriticalP11P12RefineT400k simulaciones=12. Jobs=9 NDiv=8 NReps=3
2026-05-08 10:45:54 Manifest: c_paper/out/logs/initial_plane_queue_torreCriticalP11P12RefineT400k_20260508_104553.tsv
2026-05-08 10:45:54 START 1/12: N1_500__N2_500__P11_0p70__P12_0p21__P22_0p70__B_1p15__R_0__E_m0p4__ndiv_8__reps_3
Configuracion initial plane: Jobs=9 NDiv=8 NReps=3
Etiqueta: N1_500__N2_500__P11_0p70__P12_0p21__P22_0p70__B_1p15__R_0__E_m0p4__ndiv_8__reps_3
Carpeta de parciales: c_paper\out\raw\initial_plane\parts\N1_500__N2_500__P11_0p70__P12_0p21__P22_0p70__B_1p15__R_0__E_m0p4__ndiv_8__reps_3
Lanzando job 0: ix=0..0 -> c_paper\out\raw\initial_plane\parts\N1_500__N2_500__P11_0p70__P12_0p21__P22_0p70__B_1p15__R_0__E_m0p4__ndiv_8__reps_3\part_000_ix_000_000.txt
Lanzando job 1: ix=1..1 -> c_paper\out\raw\initial_plane\parts\N1_500__N2_500__P11_0p70__P12_0p21__P22_0p70__B_1p15__R_0__E_m0p4__ndiv_8__reps_3\part_001_ix_001_001.txt
Lanzando job 2: ix=2..2 -> c_paper\out\raw\initial_plane\parts\N1_500__N2_500__P11_0p70__P12_0p21__P22_0p70__B_1p15__R_0__E_m0p4__ndiv_8__reps_3\part_002_ix_002_002.txt
Lanzando job 3: ix=3..3 -> c_paper\out\raw\initial_plane\parts\N1_500__N2_500__P11_0p70__P12_0p21__P22_0p70__B_1p15__R_0__E_m0p4__ndiv_8__reps_3\part_003_ix_003_003.txt
Lanzando job 4: ix=4..4 -> c_paper\out\raw\initial_plane\parts\N1_500__N2_500__P11_0p70__P12_0p21__P22_0p70__B_1p15__R_0__E_m0p4__ndiv_8__reps_3\part_004_ix_004_004.txt
Lanzando job 5: ix=5..5 -> c_paper\out\raw\initial_plane\parts\N1_500__N2_500__P11_0p70__P12_0p21__P22_0p70__B_1p15__R_0__E_m0p4__ndiv_8__reps_3\part_005_ix_005_005.txt
Lanzando job 6: ix=6..6 -> c_paper\out\raw\initial_plane\parts\N1_500__N2_500__P11_0p70__P12_0p21__P22_0p70__B_1p15__R_0__E_m0p4__ndiv_8__reps_3\part_006_ix_006_006.txt
Lanzando job 7: ix=7..7 -> c_paper\out\raw\initial_plane\parts\N1_500__N2_500__P11_0p70__P12_0p21__P22_0p70__B_1p15__R_0__E_m0p4__ndiv_8__reps_3\part_007_ix_007_007.txt
Lanzando job 8: ix=8..8 -> c_paper\out\raw\initial_plane\parts\N1_500__N2_500__P11_0p70__P12_0p21__P22_0p70__B_1p15__R_0__E_m0p4__ndiv_8__reps_3\part_008_ix_008_008.txt
Ejecucion paralela terminada.
Salida final: c_paper/out/raw/initial_plane/initial_plane__N1_500__N2_500__P11_0p70__P12_0p21__P22_0p70__B_1p15__R_0__E_m0p4__ndiv_8__reps_3.txt
Parciales: c_paper\out\raw\initial_plane\parts\N1_500__N2_500__P11_0p70__P12_0p21__P22_0p70__B_1p15__R_0__E_m0p4__ndiv_8__reps_3
2026-05-08 10:58:25 END 1/12: N1_500__N2_500__P11_0p70__P12_0p21__P22_0p70__B_1p15__R_0__E_m0p4__ndiv_8__reps_3 elapsed=00:12:31.6364246
2026-05-08 10:58:25 START 2/12: N1_500__N2_500__P11_0p73__P12_0p21__P22_0p73__B_1p15__R_0__E_m0p4__ndiv_8__reps_3
Configuracion initial plane: Jobs=9 NDiv=8 NReps=3
Etiqueta: N1_500__N2_500__P11_0p73__P12_0p21__P22_0p73__B_1p15__R_0__E_m0p4__ndiv_8__reps_3
Carpeta de parciales: c_paper\out\raw\initial_plane\parts\N1_500__N2_500__P11_0p73__P12_0p21__P22_0p73__B_1p15__R_0__E_m0p4__ndiv_8__reps_3
Lanzando job 0: ix=0..0 -> c_paper\out\raw\initial_plane\parts\N1_500__N2_500__P11_0p73__P12_0p21__P22_0p73__B_1p15__R_0__E_m0p4__ndiv_8__reps_3\part_000_ix_000_000.txt
Lanzando job 1: ix=1..1 -> c_paper\out\raw\initial_plane\parts\N1_500__N2_500__P11_0p73__P12_0p21__P22_0p73__B_1p15__R_0__E_m0p4__ndiv_8__reps_3\part_001_ix_001_001.txt
Lanzando job 2: ix=2..2 -> c_paper\out\raw\initial_plane\parts\N1_500__N2_500__P11_0p73__P12_0p21__P22_0p73__B_1p15__R_0__E_m0p4__ndiv_8__reps_3\part_002_ix_002_002.txt
Lanzando job 3: ix=3..3 -> c_paper\out\raw\initial_plane\parts\N1_500__N2_500__P11_0p73__P12_0p21__P22_0p73__B_1p15__R_0__E_m0p4__ndiv_8__reps_3\part_003_ix_003_003.txt
Lanzando job 4: ix=4..4 -> c_paper\out\raw\initial_plane\parts\N1_500__N2_500__P11_0p73__P12_0p21__P22_0p73__B_1p15__R_0__E_m0p4__ndiv_8__reps_3\part_004_ix_004_004.txt
Lanzando job 5: ix=5..5 -> c_paper\out\raw\initial_plane\parts\N1_500__N2_500__P11_0p73__P12_0p21__P22_0p73__B_1p15__R_0__E_m0p4__ndiv_8__reps_3\part_005_ix_005_005.txt
Lanzando job 6: ix=6..6 -> c_paper\out\raw\initial_plane\parts\N1_500__N2_500__P11_0p73__P12_0p21__P22_0p73__B_1p15__R_0__E_m0p4__ndiv_8__reps_3\part_006_ix_006_006.txt
Lanzando job 7: ix=7..7 -> c_paper\out\raw\initial_plane\parts\N1_500__N2_500__P11_0p73__P12_0p21__P22_0p73__B_1p15__R_0__E_m0p4__ndiv_8__reps_3\part_007_ix_007_007.txt
Lanzando job 8: ix=8..8 -> c_paper\out\raw\initial_plane\parts\N1_500__N2_500__P11_0p73__P12_0p21__P22_0p73__B_1p15__R_0__E_m0p4__ndiv_8__reps_3\part_008_ix_008_008.txt
Ejecucion paralela terminada.
Salida final: c_paper/out/raw/initial_plane/initial_plane__N1_500__N2_500__P11_0p73__P12_0p21__P22_0p73__B_1p15__R_0__E_m0p4__ndiv_8__reps_3.txt
Parciales: c_paper\out\raw\initial_plane\parts\N1_500__N2_500__P11_0p73__P12_0p21__P22_0p73__B_1p15__R_0__E_m0p4__ndiv_8__reps_3
2026-05-08 11:12:07 END 2/12: N1_500__N2_500__P11_0p73__P12_0p21__P22_0p73__B_1p15__R_0__E_m0p4__ndiv_8__reps_3 elapsed=00:13:41.4397604
2026-05-08 11:12:07 START 3/12: N1_500__N2_500__P11_0p76__P12_0p21__P22_0p76__B_1p15__R_0__E_m0p4__ndiv_8__reps_3
Configuracion initial plane: Jobs=9 NDiv=8 NReps=3
Etiqueta: N1_500__N2_500__P11_0p76__P12_0p21__P22_0p76__B_1p15__R_0__E_m0p4__ndiv_8__reps_3
Carpeta de parciales: c_paper\out\raw\initial_plane\parts\N1_500__N2_500__P11_0p76__P12_0p21__P22_0p76__B_1p15__R_0__E_m0p4__ndiv_8__reps_3
Lanzando job 0: ix=0..0 -> c_paper\out\raw\initial_plane\parts\N1_500__N2_500__P11_0p76__P12_0p21__P22_0p76__B_1p15__R_0__E_m0p4__ndiv_8__reps_3\part_000_ix_000_000.txt
Lanzando job 1: ix=1..1 -> c_paper\out\raw\initial_plane\parts\N1_500__N2_500__P11_0p76__P12_0p21__P22_0p76__B_1p15__R_0__E_m0p4__ndiv_8__reps_3\part_001_ix_001_001.txt
Lanzando job 2: ix=2..2 -> c_paper\out\raw\initial_plane\parts\N1_500__N2_500__P11_0p76__P12_0p21__P22_0p76__B_1p15__R_0__E_m0p4__ndiv_8__reps_3\part_002_ix_002_002.txt
Lanzando job 3: ix=3..3 -> c_paper\out\raw\initial_plane\parts\N1_500__N2_500__P11_0p76__P12_0p21__P22_0p76__B_1p15__R_0__E_m0p4__ndiv_8__reps_3\part_003_ix_003_003.txt
Lanzando job 4: ix=4..4 -> c_paper\out\raw\initial_plane\parts\N1_500__N2_500__P11_0p76__P12_0p21__P22_0p76__B_1p15__R_0__E_m0p4__ndiv_8__reps_3\part_004_ix_004_004.txt
Lanzando job 5: ix=5..5 -> c_paper\out\raw\initial_plane\parts\N1_500__N2_500__P11_0p76__P12_0p21__P22_0p76__B_1p15__R_0__E_m0p4__ndiv_8__reps_3\part_005_ix_005_005.txt
Lanzando job 6: ix=6..6 -> c_paper\out\raw\initial_plane\parts\N1_500__N2_500__P11_0p76__P12_0p21__P22_0p76__B_1p15__R_0__E_m0p4__ndiv_8__reps_3\part_006_ix_006_006.txt
Lanzando job 7: ix=7..7 -> c_paper\out\raw\initial_plane\parts\N1_500__N2_500__P11_0p76__P12_0p21__P22_0p76__B_1p15__R_0__E_m0p4__ndiv_8__reps_3\part_007_ix_007_007.txt
Lanzando job 8: ix=8..8 -> c_paper\out\raw\initial_plane\parts\N1_500__N2_500__P11_0p76__P12_0p21__P22_0p76__B_1p15__R_0__E_m0p4__ndiv_8__reps_3\part_008_ix_008_008.txt
Ejecucion paralela terminada.
Salida final: c_paper/out/raw/initial_plane/initial_plane__N1_500__N2_500__P11_0p76__P12_0p21__P22_0p76__B_1p15__R_0__E_m0p4__ndiv_8__reps_3.txt
Parciales: c_paper\out\raw\initial_plane\parts\N1_500__N2_500__P11_0p76__P12_0p21__P22_0p76__B_1p15__R_0__E_m0p4__ndiv_8__reps_3
2026-05-08 11:42:40 END 3/12: N1_500__N2_500__P11_0p76__P12_0p21__P22_0p76__B_1p15__R_0__E_m0p4__ndiv_8__reps_3 elapsed=00:30:33.6192909
2026-05-08 11:42:40 START 4/12: N1_500__N2_500__P11_0p80__P12_0p21__P22_0p80__B_1p15__R_0__E_m0p4__ndiv_8__reps_3
Configuracion initial plane: Jobs=9 NDiv=8 NReps=3
Etiqueta: N1_500__N2_500__P11_0p80__P12_0p21__P22_0p80__B_1p15__R_0__E_m0p4__ndiv_8__reps_3
Carpeta de parciales: c_paper\out\raw\initial_plane\parts\N1_500__N2_500__P11_0p80__P12_0p21__P22_0p80__B_1p15__R_0__E_m0p4__ndiv_8__reps_3
Lanzando job 0: ix=0..0 -> c_paper\out\raw\initial_plane\parts\N1_500__N2_500__P11_0p80__P12_0p21__P22_0p80__B_1p15__R_0__E_m0p4__ndiv_8__reps_3\part_000_ix_000_000.txt
Lanzando job 1: ix=1..1 -> c_paper\out\raw\initial_plane\parts\N1_500__N2_500__P11_0p80__P12_0p21__P22_0p80__B_1p15__R_0__E_m0p4__ndiv_8__reps_3\part_001_ix_001_001.txt
Lanzando job 2: ix=2..2 -> c_paper\out\raw\initial_plane\parts\N1_500__N2_500__P11_0p80__P12_0p21__P22_0p80__B_1p15__R_0__E_m0p4__ndiv_8__reps_3\part_002_ix_002_002.txt
Lanzando job 3: ix=3..3 -> c_paper\out\raw\initial_plane\parts\N1_500__N2_500__P11_0p80__P12_0p21__P22_0p80__B_1p15__R_0__E_m0p4__ndiv_8__reps_3\part_003_ix_003_003.txt
Lanzando job 4: ix=4..4 -> c_paper\out\raw\initial_plane\parts\N1_500__N2_500__P11_0p80__P12_0p21__P22_0p80__B_1p15__R_0__E_m0p4__ndiv_8__reps_3\part_004_ix_004_004.txt
Lanzando job 5: ix=5..5 -> c_paper\out\raw\initial_plane\parts\N1_500__N2_500__P11_0p80__P12_0p21__P22_0p80__B_1p15__R_0__E_m0p4__ndiv_8__reps_3\part_005_ix_005_005.txt
Lanzando job 6: ix=6..6 -> c_paper\out\raw\initial_plane\parts\N1_500__N2_500__P11_0p80__P12_0p21__P22_0p80__B_1p15__R_0__E_m0p4__ndiv_8__reps_3\part_006_ix_006_006.txt
Lanzando job 7: ix=7..7 -> c_paper\out\raw\initial_plane\parts\N1_500__N2_500__P11_0p80__P12_0p21__P22_0p80__B_1p15__R_0__E_m0p4__ndiv_8__reps_3\part_007_ix_007_007.txt
Lanzando job 8: ix=8..8 -> c_paper\out\raw\initial_plane\parts\N1_500__N2_500__P11_0p80__P12_0p21__P22_0p80__B_1p15__R_0__E_m0p4__ndiv_8__reps_3\part_008_ix_008_008.txt
Ejecucion paralela terminada.
Salida final: c_paper/out/raw/initial_plane/initial_plane__N1_500__N2_500__P11_0p80__P12_0p21__P22_0p80__B_1p15__R_0__E_m0p4__ndiv_8__reps_3.txt
Parciales: c_paper\out\raw\initial_plane\parts\N1_500__N2_500__P11_0p80__P12_0p21__P22_0p80__B_1p15__R_0__E_m0p4__ndiv_8__reps_3
2026-05-08 12:54:53 END 4/12: N1_500__N2_500__P11_0p80__P12_0p21__P22_0p80__B_1p15__R_0__E_m0p4__ndiv_8__reps_3 elapsed=01:12:13.0745283
2026-05-08 12:54:53 START 5/12: N1_500__N2_500__P11_0p70__P12_0p22__P22_0p70__B_1p15__R_0__E_m0p4__ndiv_8__reps_3
Configuracion initial plane: Jobs=9 NDiv=8 NReps=3
Etiqueta: N1_500__N2_500__P11_0p70__P12_0p22__P22_0p70__B_1p15__R_0__E_m0p4__ndiv_8__reps_3
Carpeta de parciales: c_paper\out\raw\initial_plane\parts\N1_500__N2_500__P11_0p70__P12_0p22__P22_0p70__B_1p15__R_0__E_m0p4__ndiv_8__reps_3
Lanzando job 0: ix=0..0 -> c_paper\out\raw\initial_plane\parts\N1_500__N2_500__P11_0p70__P12_0p22__P22_0p70__B_1p15__R_0__E_m0p4__ndiv_8__reps_3\part_000_ix_000_000.txt
Lanzando job 1: ix=1..1 -> c_paper\out\raw\initial_plane\parts\N1_500__N2_500__P11_0p70__P12_0p22__P22_0p70__B_1p15__R_0__E_m0p4__ndiv_8__reps_3\part_001_ix_001_001.txt
Lanzando job 2: ix=2..2 -> c_paper\out\raw\initial_plane\parts\N1_500__N2_500__P11_0p70__P12_0p22__P22_0p70__B_1p15__R_0__E_m0p4__ndiv_8__reps_3\part_002_ix_002_002.txt
Lanzando job 3: ix=3..3 -> c_paper\out\raw\initial_plane\parts\N1_500__N2_500__P11_0p70__P12_0p22__P22_0p70__B_1p15__R_0__E_m0p4__ndiv_8__reps_3\part_003_ix_003_003.txt
Lanzando job 4: ix=4..4 -> c_paper\out\raw\initial_plane\parts\N1_500__N2_500__P11_0p70__P12_0p22__P22_0p70__B_1p15__R_0__E_m0p4__ndiv_8__reps_3\part_004_ix_004_004.txt
Lanzando job 5: ix=5..5 -> c_paper\out\raw\initial_plane\parts\N1_500__N2_500__P11_0p70__P12_0p22__P22_0p70__B_1p15__R_0__E_m0p4__ndiv_8__reps_3\part_005_ix_005_005.txt
Lanzando job 6: ix=6..6 -> c_paper\out\raw\initial_plane\parts\N1_500__N2_500__P11_0p70__P12_0p22__P22_0p70__B_1p15__R_0__E_m0p4__ndiv_8__reps_3\part_006_ix_006_006.txt
Lanzando job 7: ix=7..7 -> c_paper\out\raw\initial_plane\parts\N1_500__N2_500__P11_0p70__P12_0p22__P22_0p70__B_1p15__R_0__E_m0p4__ndiv_8__reps_3\part_007_ix_007_007.txt
Lanzando job 8: ix=8..8 -> c_paper\out\raw\initial_plane\parts\N1_500__N2_500__P11_0p70__P12_0p22__P22_0p70__B_1p15__R_0__E_m0p4__ndiv_8__reps_3\part_008_ix_008_008.txt
Ejecucion paralela terminada.
Salida final: c_paper/out/raw/initial_plane/initial_plane__N1_500__N2_500__P11_0p70__P12_0p22__P22_0p70__B_1p15__R_0__E_m0p4__ndiv_8__reps_3.txt
Parciales: c_paper\out\raw\initial_plane\parts\N1_500__N2_500__P11_0p70__P12_0p22__P22_0p70__B_1p15__R_0__E_m0p4__ndiv_8__reps_3
2026-05-08 13:06:30 END 5/12: N1_500__N2_500__P11_0p70__P12_0p22__P22_0p70__B_1p15__R_0__E_m0p4__ndiv_8__reps_3 elapsed=00:11:37.0483374
2026-05-08 13:06:30 START 6/12: N1_500__N2_500__P11_0p73__P12_0p22__P22_0p73__B_1p15__R_0__E_m0p4__ndiv_8__reps_3
Configuracion initial plane: Jobs=9 NDiv=8 NReps=3
Etiqueta: N1_500__N2_500__P11_0p73__P12_0p22__P22_0p73__B_1p15__R_0__E_m0p4__ndiv_8__reps_3
Carpeta de parciales: c_paper\out\raw\initial_plane\parts\N1_500__N2_500__P11_0p73__P12_0p22__P22_0p73__B_1p15__R_0__E_m0p4__ndiv_8__reps_3
Lanzando job 0: ix=0..0 -> c_paper\out\raw\initial_plane\parts\N1_500__N2_500__P11_0p73__P12_0p22__P22_0p73__B_1p15__R_0__E_m0p4__ndiv_8__reps_3\part_000_ix_000_000.txt
Lanzando job 1: ix=1..1 -> c_paper\out\raw\initial_plane\parts\N1_500__N2_500__P11_0p73__P12_0p22__P22_0p73__B_1p15__R_0__E_m0p4__ndiv_8__reps_3\part_001_ix_001_001.txt
Lanzando job 2: ix=2..2 -> c_paper\out\raw\initial_plane\parts\N1_500__N2_500__P11_0p73__P12_0p22__P22_0p73__B_1p15__R_0__E_m0p4__ndiv_8__reps_3\part_002_ix_002_002.txt
Lanzando job 3: ix=3..3 -> c_paper\out\raw\initial_plane\parts\N1_500__N2_500__P11_0p73__P12_0p22__P22_0p73__B_1p15__R_0__E_m0p4__ndiv_8__reps_3\part_003_ix_003_003.txt
Lanzando job 4: ix=4..4 -> c_paper\out\raw\initial_plane\parts\N1_500__N2_500__P11_0p73__P12_0p22__P22_0p73__B_1p15__R_0__E_m0p4__ndiv_8__reps_3\part_004_ix_004_004.txt
Lanzando job 5: ix=5..5 -> c_paper\out\raw\initial_plane\parts\N1_500__N2_500__P11_0p73__P12_0p22__P22_0p73__B_1p15__R_0__E_m0p4__ndiv_8__reps_3\part_005_ix_005_005.txt
Lanzando job 6: ix=6..6 -> c_paper\out\raw\initial_plane\parts\N1_500__N2_500__P11_0p73__P12_0p22__P22_0p73__B_1p15__R_0__E_m0p4__ndiv_8__reps_3\part_006_ix_006_006.txt
Lanzando job 7: ix=7..7 -> c_paper\out\raw\initial_plane\parts\N1_500__N2_500__P11_0p73__P12_0p22__P22_0p73__B_1p15__R_0__E_m0p4__ndiv_8__reps_3\part_007_ix_007_007.txt
Lanzando job 8: ix=8..8 -> c_paper\out\raw\initial_plane\parts\N1_500__N2_500__P11_0p73__P12_0p22__P22_0p73__B_1p15__R_0__E_m0p4__ndiv_8__reps_3\part_008_ix_008_008.txt
Ejecucion paralela terminada.
Salida final: c_paper/out/raw/initial_plane/initial_plane__N1_500__N2_500__P11_0p73__P12_0p22__P22_0p73__B_1p15__R_0__E_m0p4__ndiv_8__reps_3.txt
Parciales: c_paper\out\raw\initial_plane\parts\N1_500__N2_500__P11_0p73__P12_0p22__P22_0p73__B_1p15__R_0__E_m0p4__ndiv_8__reps_3
2026-05-08 13:20:23 END 6/12: N1_500__N2_500__P11_0p73__P12_0p22__P22_0p73__B_1p15__R_0__E_m0p4__ndiv_8__reps_3 elapsed=00:13:52.1544348
2026-05-08 13:20:23 START 7/12: N1_500__N2_500__P11_0p76__P12_0p22__P22_0p76__B_1p15__R_0__E_m0p4__ndiv_8__reps_3
Configuracion initial plane: Jobs=9 NDiv=8 NReps=3
Etiqueta: N1_500__N2_500__P11_0p76__P12_0p22__P22_0p76__B_1p15__R_0__E_m0p4__ndiv_8__reps_3
Carpeta de parciales: c_paper\out\raw\initial_plane\parts\N1_500__N2_500__P11_0p76__P12_0p22__P22_0p76__B_1p15__R_0__E_m0p4__ndiv_8__reps_3
Lanzando job 0: ix=0..0 -> c_paper\out\raw\initial_plane\parts\N1_500__N2_500__P11_0p76__P12_0p22__P22_0p76__B_1p15__R_0__E_m0p4__ndiv_8__reps_3\part_000_ix_000_000.txt
Lanzando job 1: ix=1..1 -> c_paper\out\raw\initial_plane\parts\N1_500__N2_500__P11_0p76__P12_0p22__P22_0p76__B_1p15__R_0__E_m0p4__ndiv_8__reps_3\part_001_ix_001_001.txt
Lanzando job 2: ix=2..2 -> c_paper\out\raw\initial_plane\parts\N1_500__N2_500__P11_0p76__P12_0p22__P22_0p76__B_1p15__R_0__E_m0p4__ndiv_8__reps_3\part_002_ix_002_002.txt
Lanzando job 3: ix=3..3 -> c_paper\out\raw\initial_plane\parts\N1_500__N2_500__P11_0p76__P12_0p22__P22_0p76__B_1p15__R_0__E_m0p4__ndiv_8__reps_3\part_003_ix_003_003.txt
Lanzando job 4: ix=4..4 -> c_paper\out\raw\initial_plane\parts\N1_500__N2_500__P11_0p76__P12_0p22__P22_0p76__B_1p15__R_0__E_m0p4__ndiv_8__reps_3\part_004_ix_004_004.txt
Lanzando job 5: ix=5..5 -> c_paper\out\raw\initial_plane\parts\N1_500__N2_500__P11_0p76__P12_0p22__P22_0p76__B_1p15__R_0__E_m0p4__ndiv_8__reps_3\part_005_ix_005_005.txt
Lanzando job 6: ix=6..6 -> c_paper\out\raw\initial_plane\parts\N1_500__N2_500__P11_0p76__P12_0p22__P22_0p76__B_1p15__R_0__E_m0p4__ndiv_8__reps_3\part_006_ix_006_006.txt
Lanzando job 7: ix=7..7 -> c_paper\out\raw\initial_plane\parts\N1_500__N2_500__P11_0p76__P12_0p22__P22_0p76__B_1p15__R_0__E_m0p4__ndiv_8__reps_3\part_007_ix_007_007.txt
Lanzando job 8: ix=8..8 -> c_paper\out\raw\initial_plane\parts\N1_500__N2_500__P11_0p76__P12_0p22__P22_0p76__B_1p15__R_0__E_m0p4__ndiv_8__reps_3\part_008_ix_008_008.txt
Ejecucion paralela terminada.
Salida final: c_paper/out/raw/initial_plane/initial_plane__N1_500__N2_500__P11_0p76__P12_0p22__P22_0p76__B_1p15__R_0__E_m0p4__ndiv_8__reps_3.txt
Parciales: c_paper\out\raw\initial_plane\parts\N1_500__N2_500__P11_0p76__P12_0p22__P22_0p76__B_1p15__R_0__E_m0p4__ndiv_8__reps_3
2026-05-08 13:34:07 END 7/12: N1_500__N2_500__P11_0p76__P12_0p22__P22_0p76__B_1p15__R_0__E_m0p4__ndiv_8__reps_3 elapsed=00:13:44.1667085
2026-05-08 13:34:07 START 8/12: N1_500__N2_500__P11_0p80__P12_0p22__P22_0p80__B_1p15__R_0__E_m0p4__ndiv_8__reps_3
Configuracion initial plane: Jobs=9 NDiv=8 NReps=3
Etiqueta: N1_500__N2_500__P11_0p80__P12_0p22__P22_0p80__B_1p15__R_0__E_m0p4__ndiv_8__reps_3
Carpeta de parciales: c_paper\out\raw\initial_plane\parts\N1_500__N2_500__P11_0p80__P12_0p22__P22_0p80__B_1p15__R_0__E_m0p4__ndiv_8__reps_3
Lanzando job 0: ix=0..0 -> c_paper\out\raw\initial_plane\parts\N1_500__N2_500__P11_0p80__P12_0p22__P22_0p80__B_1p15__R_0__E_m0p4__ndiv_8__reps_3\part_000_ix_000_000.txt
Lanzando job 1: ix=1..1 -> c_paper\out\raw\initial_plane\parts\N1_500__N2_500__P11_0p80__P12_0p22__P22_0p80__B_1p15__R_0__E_m0p4__ndiv_8__reps_3\part_001_ix_001_001.txt
Lanzando job 2: ix=2..2 -> c_paper\out\raw\initial_plane\parts\N1_500__N2_500__P11_0p80__P12_0p22__P22_0p80__B_1p15__R_0__E_m0p4__ndiv_8__reps_3\part_002_ix_002_002.txt
Lanzando job 3: ix=3..3 -> c_paper\out\raw\initial_plane\parts\N1_500__N2_500__P11_0p80__P12_0p22__P22_0p80__B_1p15__R_0__E_m0p4__ndiv_8__reps_3\part_003_ix_003_003.txt
Lanzando job 4: ix=4..4 -> c_paper\out\raw\initial_plane\parts\N1_500__N2_500__P11_0p80__P12_0p22__P22_0p80__B_1p15__R_0__E_m0p4__ndiv_8__reps_3\part_004_ix_004_004.txt
Lanzando job 5: ix=5..5 -> c_paper\out\raw\initial_plane\parts\N1_500__N2_500__P11_0p80__P12_0p22__P22_0p80__B_1p15__R_0__E_m0p4__ndiv_8__reps_3\part_005_ix_005_005.txt
Lanzando job 6: ix=6..6 -> c_paper\out\raw\initial_plane\parts\N1_500__N2_500__P11_0p80__P12_0p22__P22_0p80__B_1p15__R_0__E_m0p4__ndiv_8__reps_3\part_006_ix_006_006.txt
Lanzando job 7: ix=7..7 -> c_paper\out\raw\initial_plane\parts\N1_500__N2_500__P11_0p80__P12_0p22__P22_0p80__B_1p15__R_0__E_m0p4__ndiv_8__reps_3\part_007_ix_007_007.txt
Lanzando job 8: ix=8..8 -> c_paper\out\raw\initial_plane\parts\N1_500__N2_500__P11_0p80__P12_0p22__P22_0p80__B_1p15__R_0__E_m0p4__ndiv_8__reps_3\part_008_ix_008_008.txt
Ejecucion paralela terminada.
Salida final: c_paper/out/raw/initial_plane/initial_plane__N1_500__N2_500__P11_0p80__P12_0p22__P22_0p80__B_1p15__R_0__E_m0p4__ndiv_8__reps_3.txt
Parciales: c_paper\out\raw\initial_plane\parts\N1_500__N2_500__P11_0p80__P12_0p22__P22_0p80__B_1p15__R_0__E_m0p4__ndiv_8__reps_3
2026-05-08 14:19:19 END 8/12: N1_500__N2_500__P11_0p80__P12_0p22__P22_0p80__B_1p15__R_0__E_m0p4__ndiv_8__reps_3 elapsed=00:45:11.9723789
2026-05-08 14:19:19 START 9/12: N1_500__N2_500__P11_0p70__P12_0p23__P22_0p70__B_1p15__R_0__E_m0p4__ndiv_8__reps_3
Configuracion initial plane: Jobs=9 NDiv=8 NReps=3
Etiqueta: N1_500__N2_500__P11_0p70__P12_0p23__P22_0p70__B_1p15__R_0__E_m0p4__ndiv_8__reps_3
Carpeta de parciales: c_paper\out\raw\initial_plane\parts\N1_500__N2_500__P11_0p70__P12_0p23__P22_0p70__B_1p15__R_0__E_m0p4__ndiv_8__reps_3
Lanzando job 0: ix=0..0 -> c_paper\out\raw\initial_plane\parts\N1_500__N2_500__P11_0p70__P12_0p23__P22_0p70__B_1p15__R_0__E_m0p4__ndiv_8__reps_3\part_000_ix_000_000.txt
Lanzando job 1: ix=1..1 -> c_paper\out\raw\initial_plane\parts\N1_500__N2_500__P11_0p70__P12_0p23__P22_0p70__B_1p15__R_0__E_m0p4__ndiv_8__reps_3\part_001_ix_001_001.txt
Lanzando job 2: ix=2..2 -> c_paper\out\raw\initial_plane\parts\N1_500__N2_500__P11_0p70__P12_0p23__P22_0p70__B_1p15__R_0__E_m0p4__ndiv_8__reps_3\part_002_ix_002_002.txt
Lanzando job 3: ix=3..3 -> c_paper\out\raw\initial_plane\parts\N1_500__N2_500__P11_0p70__P12_0p23__P22_0p70__B_1p15__R_0__E_m0p4__ndiv_8__reps_3\part_003_ix_003_003.txt
Lanzando job 4: ix=4..4 -> c_paper\out\raw\initial_plane\parts\N1_500__N2_500__P11_0p70__P12_0p23__P22_0p70__B_1p15__R_0__E_m0p4__ndiv_8__reps_3\part_004_ix_004_004.txt
Lanzando job 5: ix=5..5 -> c_paper\out\raw\initial_plane\parts\N1_500__N2_500__P11_0p70__P12_0p23__P22_0p70__B_1p15__R_0__E_m0p4__ndiv_8__reps_3\part_005_ix_005_005.txt
Lanzando job 6: ix=6..6 -> c_paper\out\raw\initial_plane\parts\N1_500__N2_500__P11_0p70__P12_0p23__P22_0p70__B_1p15__R_0__E_m0p4__ndiv_8__reps_3\part_006_ix_006_006.txt
Lanzando job 7: ix=7..7 -> c_paper\out\raw\initial_plane\parts\N1_500__N2_500__P11_0p70__P12_0p23__P22_0p70__B_1p15__R_0__E_m0p4__ndiv_8__reps_3\part_007_ix_007_007.txt
Lanzando job 8: ix=8..8 -> c_paper\out\raw\initial_plane\parts\N1_500__N2_500__P11_0p70__P12_0p23__P22_0p70__B_1p15__R_0__E_m0p4__ndiv_8__reps_3\part_008_ix_008_008.txt
Ejecucion paralela terminada.
Salida final: c_paper/out/raw/initial_plane/initial_plane__N1_500__N2_500__P11_0p70__P12_0p23__P22_0p70__B_1p15__R_0__E_m0p4__ndiv_8__reps_3.txt
Parciales: c_paper\out\raw\initial_plane\parts\N1_500__N2_500__P11_0p70__P12_0p23__P22_0p70__B_1p15__R_0__E_m0p4__ndiv_8__reps_3
2026-05-08 14:32:28 END 9/12: N1_500__N2_500__P11_0p70__P12_0p23__P22_0p70__B_1p15__R_0__E_m0p4__ndiv_8__reps_3 elapsed=00:13:09.8041595
2026-05-08 14:32:28 START 10/12: N1_500__N2_500__P11_0p73__P12_0p23__P22_0p73__B_1p15__R_0__E_m0p4__ndiv_8__reps_3
Configuracion initial plane: Jobs=9 NDiv=8 NReps=3
Etiqueta: N1_500__N2_500__P11_0p73__P12_0p23__P22_0p73__B_1p15__R_0__E_m0p4__ndiv_8__reps_3
Carpeta de parciales: c_paper\out\raw\initial_plane\parts\N1_500__N2_500__P11_0p73__P12_0p23__P22_0p73__B_1p15__R_0__E_m0p4__ndiv_8__reps_3
Lanzando job 0: ix=0..0 -> c_paper\out\raw\initial_plane\parts\N1_500__N2_500__P11_0p73__P12_0p23__P22_0p73__B_1p15__R_0__E_m0p4__ndiv_8__reps_3\part_000_ix_000_000.txt
Lanzando job 1: ix=1..1 -> c_paper\out\raw\initial_plane\parts\N1_500__N2_500__P11_0p73__P12_0p23__P22_0p73__B_1p15__R_0__E_m0p4__ndiv_8__reps_3\part_001_ix_001_001.txt
Lanzando job 2: ix=2..2 -> c_paper\out\raw\initial_plane\parts\N1_500__N2_500__P11_0p73__P12_0p23__P22_0p73__B_1p15__R_0__E_m0p4__ndiv_8__reps_3\part_002_ix_002_002.txt
Lanzando job 3: ix=3..3 -> c_paper\out\raw\initial_plane\parts\N1_500__N2_500__P11_0p73__P12_0p23__P22_0p73__B_1p15__R_0__E_m0p4__ndiv_8__reps_3\part_003_ix_003_003.txt
Lanzando job 4: ix=4..4 -> c_paper\out\raw\initial_plane\parts\N1_500__N2_500__P11_0p73__P12_0p23__P22_0p73__B_1p15__R_0__E_m0p4__ndiv_8__reps_3\part_004_ix_004_004.txt
Lanzando job 5: ix=5..5 -> c_paper\out\raw\initial_plane\parts\N1_500__N2_500__P11_0p73__P12_0p23__P22_0p73__B_1p15__R_0__E_m0p4__ndiv_8__reps_3\part_005_ix_005_005.txt
Lanzando job 6: ix=6..6 -> c_paper\out\raw\initial_plane\parts\N1_500__N2_500__P11_0p73__P12_0p23__P22_0p73__B_1p15__R_0__E_m0p4__ndiv_8__reps_3\part_006_ix_006_006.txt
Lanzando job 7: ix=7..7 -> c_paper\out\raw\initial_plane\parts\N1_500__N2_500__P11_0p73__P12_0p23__P22_0p73__B_1p15__R_0__E_m0p4__ndiv_8__reps_3\part_007_ix_007_007.txt
Lanzando job 8: ix=8..8 -> c_paper\out\raw\initial_plane\parts\N1_500__N2_500__P11_0p73__P12_0p23__P22_0p73__B_1p15__R_0__E_m0p4__ndiv_8__reps_3\part_008_ix_008_008.txt
Ejecucion paralela terminada.
Salida final: c_paper/out/raw/initial_plane/initial_plane__N1_500__N2_500__P11_0p73__P12_0p23__P22_0p73__B_1p15__R_0__E_m0p4__ndiv_8__reps_3.txt
Parciales: c_paper\out\raw\initial_plane\parts\N1_500__N2_500__P11_0p73__P12_0p23__P22_0p73__B_1p15__R_0__E_m0p4__ndiv_8__reps_3
2026-05-08 14:45:31 END 10/12: N1_500__N2_500__P11_0p73__P12_0p23__P22_0p73__B_1p15__R_0__E_m0p4__ndiv_8__reps_3 elapsed=00:13:02.1675040
2026-05-08 14:45:31 START 11/12: N1_500__N2_500__P11_0p76__P12_0p23__P22_0p76__B_1p15__R_0__E_m0p4__ndiv_8__reps_3
Configuracion initial plane: Jobs=9 NDiv=8 NReps=3
Etiqueta: N1_500__N2_500__P11_0p76__P12_0p23__P22_0p76__B_1p15__R_0__E_m0p4__ndiv_8__reps_3
Carpeta de parciales: c_paper\out\raw\initial_plane\parts\N1_500__N2_500__P11_0p76__P12_0p23__P22_0p76__B_1p15__R_0__E_m0p4__ndiv_8__reps_3
Lanzando job 0: ix=0..0 -> c_paper\out\raw\initial_plane\parts\N1_500__N2_500__P11_0p76__P12_0p23__P22_0p76__B_1p15__R_0__E_m0p4__ndiv_8__reps_3\part_000_ix_000_000.txt
Lanzando job 1: ix=1..1 -> c_paper\out\raw\initial_plane\parts\N1_500__N2_500__P11_0p76__P12_0p23__P22_0p76__B_1p15__R_0__E_m0p4__ndiv_8__reps_3\part_001_ix_001_001.txt
Lanzando job 2: ix=2..2 -> c_paper\out\raw\initial_plane\parts\N1_500__N2_500__P11_0p76__P12_0p23__P22_0p76__B_1p15__R_0__E_m0p4__ndiv_8__reps_3\part_002_ix_002_002.txt
Lanzando job 3: ix=3..3 -> c_paper\out\raw\initial_plane\parts\N1_500__N2_500__P11_0p76__P12_0p23__P22_0p76__B_1p15__R_0__E_m0p4__ndiv_8__reps_3\part_003_ix_003_003.txt
Lanzando job 4: ix=4..4 -> c_paper\out\raw\initial_plane\parts\N1_500__N2_500__P11_0p76__P12_0p23__P22_0p76__B_1p15__R_0__E_m0p4__ndiv_8__reps_3\part_004_ix_004_004.txt
Lanzando job 5: ix=5..5 -> c_paper\out\raw\initial_plane\parts\N1_500__N2_500__P11_0p76__P12_0p23__P22_0p76__B_1p15__R_0__E_m0p4__ndiv_8__reps_3\part_005_ix_005_005.txt
Lanzando job 6: ix=6..6 -> c_paper\out\raw\initial_plane\parts\N1_500__N2_500__P11_0p76__P12_0p23__P22_0p76__B_1p15__R_0__E_m0p4__ndiv_8__reps_3\part_006_ix_006_006.txt
Lanzando job 7: ix=7..7 -> c_paper\out\raw\initial_plane\parts\N1_500__N2_500__P11_0p76__P12_0p23__P22_0p76__B_1p15__R_0__E_m0p4__ndiv_8__reps_3\part_007_ix_007_007.txt
Lanzando job 8: ix=8..8 -> c_paper\out\raw\initial_plane\parts\N1_500__N2_500__P11_0p76__P12_0p23__P22_0p76__B_1p15__R_0__E_m0p4__ndiv_8__reps_3\part_008_ix_008_008.txt
Ejecucion paralela terminada.
Salida final: c_paper/out/raw/initial_plane/initial_plane__N1_500__N2_500__P11_0p76__P12_0p23__P22_0p76__B_1p15__R_0__E_m0p4__ndiv_8__reps_3.txt
Parciales: c_paper\out\raw\initial_plane\parts\N1_500__N2_500__P11_0p76__P12_0p23__P22_0p76__B_1p15__R_0__E_m0p4__ndiv_8__reps_3
2026-05-08 15:05:22 END 11/12: N1_500__N2_500__P11_0p76__P12_0p23__P22_0p76__B_1p15__R_0__E_m0p4__ndiv_8__reps_3 elapsed=00:19:51.5209127
2026-05-08 15:05:22 START 12/12: N1_500__N2_500__P11_0p80__P12_0p23__P22_0p80__B_1p15__R_0__E_m0p4__ndiv_8__reps_3
Configuracion initial plane: Jobs=9 NDiv=8 NReps=3
Etiqueta: N1_500__N2_500__P11_0p80__P12_0p23__P22_0p80__B_1p15__R_0__E_m0p4__ndiv_8__reps_3
Carpeta de parciales: c_paper\out\raw\initial_plane\parts\N1_500__N2_500__P11_0p80__P12_0p23__P22_0p80__B_1p15__R_0__E_m0p4__ndiv_8__reps_3
Lanzando job 0: ix=0..0 -> c_paper\out\raw\initial_plane\parts\N1_500__N2_500__P11_0p80__P12_0p23__P22_0p80__B_1p15__R_0__E_m0p4__ndiv_8__reps_3\part_000_ix_000_000.txt
Lanzando job 1: ix=1..1 -> c_paper\out\raw\initial_plane\parts\N1_500__N2_500__P11_0p80__P12_0p23__P22_0p80__B_1p15__R_0__E_m0p4__ndiv_8__reps_3\part_001_ix_001_001.txt
Lanzando job 2: ix=2..2 -> c_paper\out\raw\initial_plane\parts\N1_500__N2_500__P11_0p80__P12_0p23__P22_0p80__B_1p15__R_0__E_m0p4__ndiv_8__reps_3\part_002_ix_002_002.txt
Lanzando job 3: ix=3..3 -> c_paper\out\raw\initial_plane\parts\N1_500__N2_500__P11_0p80__P12_0p23__P22_0p80__B_1p15__R_0__E_m0p4__ndiv_8__reps_3\part_003_ix_003_003.txt
Lanzando job 4: ix=4..4 -> c_paper\out\raw\initial_plane\parts\N1_500__N2_500__P11_0p80__P12_0p23__P22_0p80__B_1p15__R_0__E_m0p4__ndiv_8__reps_3\part_004_ix_004_004.txt
Lanzando job 5: ix=5..5 -> c_paper\out\raw\initial_plane\parts\N1_500__N2_500__P11_0p80__P12_0p23__P22_0p80__B_1p15__R_0__E_m0p4__ndiv_8__reps_3\part_005_ix_005_005.txt
Lanzando job 6: ix=6..6 -> c_paper\out\raw\initial_plane\parts\N1_500__N2_500__P11_0p80__P12_0p23__P22_0p80__B_1p15__R_0__E_m0p4__ndiv_8__reps_3\part_006_ix_006_006.txt
Lanzando job 7: ix=7..7 -> c_paper\out\raw\initial_plane\parts\N1_500__N2_500__P11_0p80__P12_0p23__P22_0p80__B_1p15__R_0__E_m0p4__ndiv_8__reps_3\part_007_ix_007_007.txt
Lanzando job 8: ix=8..8 -> c_paper\out\raw\initial_plane\parts\N1_500__N2_500__P11_0p80__P12_0p23__P22_0p80__B_1p15__R_0__E_m0p4__ndiv_8__reps_3\part_008_ix_008_008.txt
Ejecucion paralela terminada.
Salida final: c_paper/out/raw/initial_plane/initial_plane__N1_500__N2_500__P11_0p80__P12_0p23__P22_0p80__B_1p15__R_0__E_m0p4__ndiv_8__reps_3.txt
Parciales: c_paper\out\raw\initial_plane\parts\N1_500__N2_500__P11_0p80__P12_0p23__P22_0p80__B_1p15__R_0__E_m0p4__ndiv_8__reps_3
2026-05-08 15:28:45 END 12/12: N1_500__N2_500__P11_0p80__P12_0p23__P22_0p80__B_1p15__R_0__E_m0p4__ndiv_8__reps_3 elapsed=00:23:23.1430825
2026-05-08 15:28:45 Cola terminada correctamente.
2026-05-08 15:28:45 config.h restaurado desde el estado inicial de la cola.
ADVERTENCIA: No existe plot: 
c_paper/out/plots/initial_plane/initial_plane__N1_500__N2_500__P11_0p70__P12_0p21__P22_0p70__B_1p15__R_0__E_m0p4__ndiv_
8__reps_3.png
ADVERTENCIA: No existe plot: 
c_paper/out/plots/initial_plane/initial_plane__N1_500__N2_500__P11_0p73__P12_0p21__P22_0p73__B_1p15__R_0__E_m0p4__ndiv_
8__reps_3.png
ADVERTENCIA: No existe plot: 
c_paper/out/plots/initial_plane/initial_plane__N1_500__N2_500__P11_0p76__P12_0p21__P22_0p76__B_1p15__R_0__E_m0p4__ndiv_
8__reps_3.png
ADVERTENCIA: No existe plot: 
c_paper/out/plots/initial_plane/initial_plane__N1_500__N2_500__P11_0p80__P12_0p21__P22_0p80__B_1p15__R_0__E_m0p4__ndiv_
8__reps_3.png
ADVERTENCIA: No existe plot: 
c_paper/out/plots/initial_plane/initial_plane__N1_500__N2_500__P11_0p70__P12_0p22__P22_0p70__B_1p15__R_0__E_m0p4__ndiv_
8__reps_3.png
ADVERTENCIA: No existe plot: 
c_paper/out/plots/initial_plane/initial_plane__N1_500__N2_500__P11_0p73__P12_0p22__P22_0p73__B_1p15__R_0__E_m0p4__ndiv_
8__reps_3.png
ADVERTENCIA: No existe plot: 
c_paper/out/plots/initial_plane/initial_plane__N1_500__N2_500__P11_0p76__P12_0p22__P22_0p76__B_1p15__R_0__E_m0p4__ndiv_
8__reps_3.png
ADVERTENCIA: No existe plot: 
c_paper/out/plots/initial_plane/initial_plane__N1_500__N2_500__P11_0p80__P12_0p22__P22_0p80__B_1p15__R_0__E_m0p4__ndiv_
8__reps_3.png
ADVERTENCIA: No existe plot: 
c_paper/out/plots/initial_plane/initial_plane__N1_500__N2_500__P11_0p70__P12_0p23__P22_0p70__B_1p15__R_0__E_m0p4__ndiv_
8__reps_3.png
ADVERTENCIA: No existe plot: 
c_paper/out/plots/initial_plane/initial_plane__N1_500__N2_500__P11_0p73__P12_0p23__P22_0p73__B_1p15__R_0__E_m0p4__ndiv_
8__reps_3.png
ADVERTENCIA: No existe plot: 
c_paper/out/plots/initial_plane/initial_plane__N1_500__N2_500__P11_0p76__P12_0p23__P22_0p76__B_1p15__R_0__E_m0p4__ndiv_
8__reps_3.png
ADVERTENCIA: No existe plot: 
c_paper/out/plots/initial_plane/initial_plane__N1_500__N2_500__P11_0p80__P12_0p23__P22_0p80__B_1p15__R_0__E_m0p4__ndiv_
8__reps_3.png
Experimento curado: c_paper/out/experiments/torre_2026-05-08_p11_p12_refine_TMAX400k
Simulaciones copiadas: 12
c_paper\out\experiments\torre_2026-05-08_p11_p12_refine_TMAX400k: wrote 12 diagnostics to c_paper\out\experiments\torre_2026-05-08_p11_p12_refine_TMAX400k\diagnostics_time
Scan terminado: torre_2026-05-08_p11_p12_refine_TMAX400k
Manifest: C:\simulaciones\guerra-mafias\c_paper\out\logs\initial_plane_queue_torreCriticalP11P12RefineT400k_20260508_104553.tsv
