2026-05-07 18:25:16 Cola initial_plane preparada: preset=torreCriticalP11P12GridT400k simulaciones=15. Jobs=9 NDiv=8 NReps=3
2026-05-07 18:25:16 Manifest: c_paper/out/logs/initial_plane_queue_torreCriticalP11P12GridT400k_20260507_182516.tsv
2026-05-07 18:25:16 START 1/15: N1_500__N2_500__P11_0p65__P12_0p16__P22_0p65__B_1p15__R_0__E_m0p4__ndiv_8__reps_3
Configuracion initial plane: Jobs=9 NDiv=8 NReps=3
Etiqueta: N1_500__N2_500__P11_0p65__P12_0p16__P22_0p65__B_1p15__R_0__E_m0p4__ndiv_8__reps_3
Carpeta de parciales: c_paper\out\raw\initial_plane\parts\N1_500__N2_500__P11_0p65__P12_0p16__P22_0p65__B_1p15__R_0__E_m0p4__ndiv_8__reps_3
Lanzando job 0: ix=0..0 -> c_paper\out\raw\initial_plane\parts\N1_500__N2_500__P11_0p65__P12_0p16__P22_0p65__B_1p15__R_0__E_m0p4__ndiv_8__reps_3\part_000_ix_000_000.txt
Lanzando job 1: ix=1..1 -> c_paper\out\raw\initial_plane\parts\N1_500__N2_500__P11_0p65__P12_0p16__P22_0p65__B_1p15__R_0__E_m0p4__ndiv_8__reps_3\part_001_ix_001_001.txt
Lanzando job 2: ix=2..2 -> c_paper\out\raw\initial_plane\parts\N1_500__N2_500__P11_0p65__P12_0p16__P22_0p65__B_1p15__R_0__E_m0p4__ndiv_8__reps_3\part_002_ix_002_002.txt
Lanzando job 3: ix=3..3 -> c_paper\out\raw\initial_plane\parts\N1_500__N2_500__P11_0p65__P12_0p16__P22_0p65__B_1p15__R_0__E_m0p4__ndiv_8__reps_3\part_003_ix_003_003.txt
Lanzando job 4: ix=4..4 -> c_paper\out\raw\initial_plane\parts\N1_500__N2_500__P11_0p65__P12_0p16__P22_0p65__B_1p15__R_0__E_m0p4__ndiv_8__reps_3\part_004_ix_004_004.txt
Lanzando job 5: ix=5..5 -> c_paper\out\raw\initial_plane\parts\N1_500__N2_500__P11_0p65__P12_0p16__P22_0p65__B_1p15__R_0__E_m0p4__ndiv_8__reps_3\part_005_ix_005_005.txt
Lanzando job 6: ix=6..6 -> c_paper\out\raw\initial_plane\parts\N1_500__N2_500__P11_0p65__P12_0p16__P22_0p65__B_1p15__R_0__E_m0p4__ndiv_8__reps_3\part_006_ix_006_006.txt
Lanzando job 7: ix=7..7 -> c_paper\out\raw\initial_plane\parts\N1_500__N2_500__P11_0p65__P12_0p16__P22_0p65__B_1p15__R_0__E_m0p4__ndiv_8__reps_3\part_007_ix_007_007.txt
Lanzando job 8: ix=8..8 -> c_paper\out\raw\initial_plane\parts\N1_500__N2_500__P11_0p65__P12_0p16__P22_0p65__B_1p15__R_0__E_m0p4__ndiv_8__reps_3\part_008_ix_008_008.txt
Ejecucion paralela terminada.
Salida final: c_paper/out/raw/initial_plane/initial_plane__N1_500__N2_500__P11_0p65__P12_0p16__P22_0p65__B_1p15__R_0__E_m0p4__ndiv_8__reps_3.txt
Parciales: c_paper\out\raw\initial_plane\parts\N1_500__N2_500__P11_0p65__P12_0p16__P22_0p65__B_1p15__R_0__E_m0p4__ndiv_8__reps_3
2026-05-07 19:17:13 END 1/15: N1_500__N2_500__P11_0p65__P12_0p16__P22_0p65__B_1p15__R_0__E_m0p4__ndiv_8__reps_3 elapsed=00:51:56.9622835
2026-05-07 19:17:13 START 2/15: N1_500__N2_500__P11_0p70__P12_0p16__P22_0p70__B_1p15__R_0__E_m0p4__ndiv_8__reps_3
Configuracion initial plane: Jobs=9 NDiv=8 NReps=3
Etiqueta: N1_500__N2_500__P11_0p70__P12_0p16__P22_0p70__B_1p15__R_0__E_m0p4__ndiv_8__reps_3
Carpeta de parciales: c_paper\out\raw\initial_plane\parts\N1_500__N2_500__P11_0p70__P12_0p16__P22_0p70__B_1p15__R_0__E_m0p4__ndiv_8__reps_3
Lanzando job 0: ix=0..0 -> c_paper\out\raw\initial_plane\parts\N1_500__N2_500__P11_0p70__P12_0p16__P22_0p70__B_1p15__R_0__E_m0p4__ndiv_8__reps_3\part_000_ix_000_000.txt
Lanzando job 1: ix=1..1 -> c_paper\out\raw\initial_plane\parts\N1_500__N2_500__P11_0p70__P12_0p16__P22_0p70__B_1p15__R_0__E_m0p4__ndiv_8__reps_3\part_001_ix_001_001.txt
Lanzando job 2: ix=2..2 -> c_paper\out\raw\initial_plane\parts\N1_500__N2_500__P11_0p70__P12_0p16__P22_0p70__B_1p15__R_0__E_m0p4__ndiv_8__reps_3\part_002_ix_002_002.txt
Lanzando job 3: ix=3..3 -> c_paper\out\raw\initial_plane\parts\N1_500__N2_500__P11_0p70__P12_0p16__P22_0p70__B_1p15__R_0__E_m0p4__ndiv_8__reps_3\part_003_ix_003_003.txt
Lanzando job 4: ix=4..4 -> c_paper\out\raw\initial_plane\parts\N1_500__N2_500__P11_0p70__P12_0p16__P22_0p70__B_1p15__R_0__E_m0p4__ndiv_8__reps_3\part_004_ix_004_004.txt
Lanzando job 5: ix=5..5 -> c_paper\out\raw\initial_plane\parts\N1_500__N2_500__P11_0p70__P12_0p16__P22_0p70__B_1p15__R_0__E_m0p4__ndiv_8__reps_3\part_005_ix_005_005.txt
Lanzando job 6: ix=6..6 -> c_paper\out\raw\initial_plane\parts\N1_500__N2_500__P11_0p70__P12_0p16__P22_0p70__B_1p15__R_0__E_m0p4__ndiv_8__reps_3\part_006_ix_006_006.txt
Lanzando job 7: ix=7..7 -> c_paper\out\raw\initial_plane\parts\N1_500__N2_500__P11_0p70__P12_0p16__P22_0p70__B_1p15__R_0__E_m0p4__ndiv_8__reps_3\part_007_ix_007_007.txt
Lanzando job 8: ix=8..8 -> c_paper\out\raw\initial_plane\parts\N1_500__N2_500__P11_0p70__P12_0p16__P22_0p70__B_1p15__R_0__E_m0p4__ndiv_8__reps_3\part_008_ix_008_008.txt
Ejecucion paralela terminada.
Salida final: c_paper/out/raw/initial_plane/initial_plane__N1_500__N2_500__P11_0p70__P12_0p16__P22_0p70__B_1p15__R_0__E_m0p4__ndiv_8__reps_3.txt
Parciales: c_paper\out\raw\initial_plane\parts\N1_500__N2_500__P11_0p70__P12_0p16__P22_0p70__B_1p15__R_0__E_m0p4__ndiv_8__reps_3
2026-05-07 20:09:00 END 2/15: N1_500__N2_500__P11_0p70__P12_0p16__P22_0p70__B_1p15__R_0__E_m0p4__ndiv_8__reps_3 elapsed=00:51:44.1627216
2026-05-07 20:09:00 START 3/15: N1_500__N2_500__P11_0p73__P12_0p16__P22_0p73__B_1p15__R_0__E_m0p4__ndiv_8__reps_3
Configuracion initial plane: Jobs=9 NDiv=8 NReps=3
Etiqueta: N1_500__N2_500__P11_0p73__P12_0p16__P22_0p73__B_1p15__R_0__E_m0p4__ndiv_8__reps_3
Carpeta de parciales: c_paper\out\raw\initial_plane\parts\N1_500__N2_500__P11_0p73__P12_0p16__P22_0p73__B_1p15__R_0__E_m0p4__ndiv_8__reps_3
Lanzando job 0: ix=0..0 -> c_paper\out\raw\initial_plane\parts\N1_500__N2_500__P11_0p73__P12_0p16__P22_0p73__B_1p15__R_0__E_m0p4__ndiv_8__reps_3\part_000_ix_000_000.txt
Lanzando job 1: ix=1..1 -> c_paper\out\raw\initial_plane\parts\N1_500__N2_500__P11_0p73__P12_0p16__P22_0p73__B_1p15__R_0__E_m0p4__ndiv_8__reps_3\part_001_ix_001_001.txt
Lanzando job 2: ix=2..2 -> c_paper\out\raw\initial_plane\parts\N1_500__N2_500__P11_0p73__P12_0p16__P22_0p73__B_1p15__R_0__E_m0p4__ndiv_8__reps_3\part_002_ix_002_002.txt
Lanzando job 3: ix=3..3 -> c_paper\out\raw\initial_plane\parts\N1_500__N2_500__P11_0p73__P12_0p16__P22_0p73__B_1p15__R_0__E_m0p4__ndiv_8__reps_3\part_003_ix_003_003.txt
Lanzando job 4: ix=4..4 -> c_paper\out\raw\initial_plane\parts\N1_500__N2_500__P11_0p73__P12_0p16__P22_0p73__B_1p15__R_0__E_m0p4__ndiv_8__reps_3\part_004_ix_004_004.txt
Lanzando job 5: ix=5..5 -> c_paper\out\raw\initial_plane\parts\N1_500__N2_500__P11_0p73__P12_0p16__P22_0p73__B_1p15__R_0__E_m0p4__ndiv_8__reps_3\part_005_ix_005_005.txt
Lanzando job 6: ix=6..6 -> c_paper\out\raw\initial_plane\parts\N1_500__N2_500__P11_0p73__P12_0p16__P22_0p73__B_1p15__R_0__E_m0p4__ndiv_8__reps_3\part_006_ix_006_006.txt
Lanzando job 7: ix=7..7 -> c_paper\out\raw\initial_plane\parts\N1_500__N2_500__P11_0p73__P12_0p16__P22_0p73__B_1p15__R_0__E_m0p4__ndiv_8__reps_3\part_007_ix_007_007.txt
Lanzando job 8: ix=8..8 -> c_paper\out\raw\initial_plane\parts\N1_500__N2_500__P11_0p73__P12_0p16__P22_0p73__B_1p15__R_0__E_m0p4__ndiv_8__reps_3\part_008_ix_008_008.txt
Ejecucion paralela terminada.
Salida final: c_paper/out/raw/initial_plane/initial_plane__N1_500__N2_500__P11_0p73__P12_0p16__P22_0p73__B_1p15__R_0__E_m0p4__ndiv_8__reps_3.txt
Parciales: c_paper\out\raw\initial_plane\parts\N1_500__N2_500__P11_0p73__P12_0p16__P22_0p73__B_1p15__R_0__E_m0p4__ndiv_8__reps_3
2026-05-07 21:01:09 END 3/15: N1_500__N2_500__P11_0p73__P12_0p16__P22_0p73__B_1p15__R_0__E_m0p4__ndiv_8__reps_3 elapsed=00:52:08.7043161
2026-05-07 21:01:09 START 4/15: N1_500__N2_500__P11_0p76__P12_0p16__P22_0p76__B_1p15__R_0__E_m0p4__ndiv_8__reps_3
Configuracion initial plane: Jobs=9 NDiv=8 NReps=3
Etiqueta: N1_500__N2_500__P11_0p76__P12_0p16__P22_0p76__B_1p15__R_0__E_m0p4__ndiv_8__reps_3
Carpeta de parciales: c_paper\out\raw\initial_plane\parts\N1_500__N2_500__P11_0p76__P12_0p16__P22_0p76__B_1p15__R_0__E_m0p4__ndiv_8__reps_3
Lanzando job 0: ix=0..0 -> c_paper\out\raw\initial_plane\parts\N1_500__N2_500__P11_0p76__P12_0p16__P22_0p76__B_1p15__R_0__E_m0p4__ndiv_8__reps_3\part_000_ix_000_000.txt
Lanzando job 1: ix=1..1 -> c_paper\out\raw\initial_plane\parts\N1_500__N2_500__P11_0p76__P12_0p16__P22_0p76__B_1p15__R_0__E_m0p4__ndiv_8__reps_3\part_001_ix_001_001.txt
Lanzando job 2: ix=2..2 -> c_paper\out\raw\initial_plane\parts\N1_500__N2_500__P11_0p76__P12_0p16__P22_0p76__B_1p15__R_0__E_m0p4__ndiv_8__reps_3\part_002_ix_002_002.txt
Lanzando job 3: ix=3..3 -> c_paper\out\raw\initial_plane\parts\N1_500__N2_500__P11_0p76__P12_0p16__P22_0p76__B_1p15__R_0__E_m0p4__ndiv_8__reps_3\part_003_ix_003_003.txt
Lanzando job 4: ix=4..4 -> c_paper\out\raw\initial_plane\parts\N1_500__N2_500__P11_0p76__P12_0p16__P22_0p76__B_1p15__R_0__E_m0p4__ndiv_8__reps_3\part_004_ix_004_004.txt
Lanzando job 5: ix=5..5 -> c_paper\out\raw\initial_plane\parts\N1_500__N2_500__P11_0p76__P12_0p16__P22_0p76__B_1p15__R_0__E_m0p4__ndiv_8__reps_3\part_005_ix_005_005.txt
Lanzando job 6: ix=6..6 -> c_paper\out\raw\initial_plane\parts\N1_500__N2_500__P11_0p76__P12_0p16__P22_0p76__B_1p15__R_0__E_m0p4__ndiv_8__reps_3\part_006_ix_006_006.txt
Lanzando job 7: ix=7..7 -> c_paper\out\raw\initial_plane\parts\N1_500__N2_500__P11_0p76__P12_0p16__P22_0p76__B_1p15__R_0__E_m0p4__ndiv_8__reps_3\part_007_ix_007_007.txt
Lanzando job 8: ix=8..8 -> c_paper\out\raw\initial_plane\parts\N1_500__N2_500__P11_0p76__P12_0p16__P22_0p76__B_1p15__R_0__E_m0p4__ndiv_8__reps_3\part_008_ix_008_008.txt
Ejecucion paralela terminada.
Salida final: c_paper/out/raw/initial_plane/initial_plane__N1_500__N2_500__P11_0p76__P12_0p16__P22_0p76__B_1p15__R_0__E_m0p4__ndiv_8__reps_3.txt
Parciales: c_paper\out\raw\initial_plane\parts\N1_500__N2_500__P11_0p76__P12_0p16__P22_0p76__B_1p15__R_0__E_m0p4__ndiv_8__reps_3
2026-05-07 21:59:41 END 4/15: N1_500__N2_500__P11_0p76__P12_0p16__P22_0p76__B_1p15__R_0__E_m0p4__ndiv_8__reps_3 elapsed=00:58:31.6359370
2026-05-07 21:59:41 START 5/15: N1_500__N2_500__P11_0p80__P12_0p16__P22_0p80__B_1p15__R_0__E_m0p4__ndiv_8__reps_3
Configuracion initial plane: Jobs=9 NDiv=8 NReps=3
Etiqueta: N1_500__N2_500__P11_0p80__P12_0p16__P22_0p80__B_1p15__R_0__E_m0p4__ndiv_8__reps_3
Carpeta de parciales: c_paper\out\raw\initial_plane\parts\N1_500__N2_500__P11_0p80__P12_0p16__P22_0p80__B_1p15__R_0__E_m0p4__ndiv_8__reps_3
Lanzando job 0: ix=0..0 -> c_paper\out\raw\initial_plane\parts\N1_500__N2_500__P11_0p80__P12_0p16__P22_0p80__B_1p15__R_0__E_m0p4__ndiv_8__reps_3\part_000_ix_000_000.txt
Lanzando job 1: ix=1..1 -> c_paper\out\raw\initial_plane\parts\N1_500__N2_500__P11_0p80__P12_0p16__P22_0p80__B_1p15__R_0__E_m0p4__ndiv_8__reps_3\part_001_ix_001_001.txt
Lanzando job 2: ix=2..2 -> c_paper\out\raw\initial_plane\parts\N1_500__N2_500__P11_0p80__P12_0p16__P22_0p80__B_1p15__R_0__E_m0p4__ndiv_8__reps_3\part_002_ix_002_002.txt
Lanzando job 3: ix=3..3 -> c_paper\out\raw\initial_plane\parts\N1_500__N2_500__P11_0p80__P12_0p16__P22_0p80__B_1p15__R_0__E_m0p4__ndiv_8__reps_3\part_003_ix_003_003.txt
Lanzando job 4: ix=4..4 -> c_paper\out\raw\initial_plane\parts\N1_500__N2_500__P11_0p80__P12_0p16__P22_0p80__B_1p15__R_0__E_m0p4__ndiv_8__reps_3\part_004_ix_004_004.txt
Lanzando job 5: ix=5..5 -> c_paper\out\raw\initial_plane\parts\N1_500__N2_500__P11_0p80__P12_0p16__P22_0p80__B_1p15__R_0__E_m0p4__ndiv_8__reps_3\part_005_ix_005_005.txt
Lanzando job 6: ix=6..6 -> c_paper\out\raw\initial_plane\parts\N1_500__N2_500__P11_0p80__P12_0p16__P22_0p80__B_1p15__R_0__E_m0p4__ndiv_8__reps_3\part_006_ix_006_006.txt
Lanzando job 7: ix=7..7 -> c_paper\out\raw\initial_plane\parts\N1_500__N2_500__P11_0p80__P12_0p16__P22_0p80__B_1p15__R_0__E_m0p4__ndiv_8__reps_3\part_007_ix_007_007.txt
Lanzando job 8: ix=8..8 -> c_paper\out\raw\initial_plane\parts\N1_500__N2_500__P11_0p80__P12_0p16__P22_0p80__B_1p15__R_0__E_m0p4__ndiv_8__reps_3\part_008_ix_008_008.txt
Ejecucion paralela terminada.
Salida final: c_paper/out/raw/initial_plane/initial_plane__N1_500__N2_500__P11_0p80__P12_0p16__P22_0p80__B_1p15__R_0__E_m0p4__ndiv_8__reps_3.txt
Parciales: c_paper\out\raw\initial_plane\parts\N1_500__N2_500__P11_0p80__P12_0p16__P22_0p80__B_1p15__R_0__E_m0p4__ndiv_8__reps_3
2026-05-07 23:07:08 END 5/15: N1_500__N2_500__P11_0p80__P12_0p16__P22_0p80__B_1p15__R_0__E_m0p4__ndiv_8__reps_3 elapsed=01:07:27.3130945
2026-05-07 23:07:08 START 6/15: N1_500__N2_500__P11_0p65__P12_0p20__P22_0p65__B_1p15__R_0__E_m0p4__ndiv_8__reps_3
Configuracion initial plane: Jobs=9 NDiv=8 NReps=3
Etiqueta: N1_500__N2_500__P11_0p65__P12_0p20__P22_0p65__B_1p15__R_0__E_m0p4__ndiv_8__reps_3
Carpeta de parciales: c_paper\out\raw\initial_plane\parts\N1_500__N2_500__P11_0p65__P12_0p20__P22_0p65__B_1p15__R_0__E_m0p4__ndiv_8__reps_3
Lanzando job 0: ix=0..0 -> c_paper\out\raw\initial_plane\parts\N1_500__N2_500__P11_0p65__P12_0p20__P22_0p65__B_1p15__R_0__E_m0p4__ndiv_8__reps_3\part_000_ix_000_000.txt
Lanzando job 1: ix=1..1 -> c_paper\out\raw\initial_plane\parts\N1_500__N2_500__P11_0p65__P12_0p20__P22_0p65__B_1p15__R_0__E_m0p4__ndiv_8__reps_3\part_001_ix_001_001.txt
Lanzando job 2: ix=2..2 -> c_paper\out\raw\initial_plane\parts\N1_500__N2_500__P11_0p65__P12_0p20__P22_0p65__B_1p15__R_0__E_m0p4__ndiv_8__reps_3\part_002_ix_002_002.txt
Lanzando job 3: ix=3..3 -> c_paper\out\raw\initial_plane\parts\N1_500__N2_500__P11_0p65__P12_0p20__P22_0p65__B_1p15__R_0__E_m0p4__ndiv_8__reps_3\part_003_ix_003_003.txt
Lanzando job 4: ix=4..4 -> c_paper\out\raw\initial_plane\parts\N1_500__N2_500__P11_0p65__P12_0p20__P22_0p65__B_1p15__R_0__E_m0p4__ndiv_8__reps_3\part_004_ix_004_004.txt
Lanzando job 5: ix=5..5 -> c_paper\out\raw\initial_plane\parts\N1_500__N2_500__P11_0p65__P12_0p20__P22_0p65__B_1p15__R_0__E_m0p4__ndiv_8__reps_3\part_005_ix_005_005.txt
Lanzando job 6: ix=6..6 -> c_paper\out\raw\initial_plane\parts\N1_500__N2_500__P11_0p65__P12_0p20__P22_0p65__B_1p15__R_0__E_m0p4__ndiv_8__reps_3\part_006_ix_006_006.txt
Lanzando job 7: ix=7..7 -> c_paper\out\raw\initial_plane\parts\N1_500__N2_500__P11_0p65__P12_0p20__P22_0p65__B_1p15__R_0__E_m0p4__ndiv_8__reps_3\part_007_ix_007_007.txt
Lanzando job 8: ix=8..8 -> c_paper\out\raw\initial_plane\parts\N1_500__N2_500__P11_0p65__P12_0p20__P22_0p65__B_1p15__R_0__E_m0p4__ndiv_8__reps_3\part_008_ix_008_008.txt
Ejecucion paralela terminada.
Salida final: c_paper/out/raw/initial_plane/initial_plane__N1_500__N2_500__P11_0p65__P12_0p20__P22_0p65__B_1p15__R_0__E_m0p4__ndiv_8__reps_3.txt
Parciales: c_paper\out\raw\initial_plane\parts\N1_500__N2_500__P11_0p65__P12_0p20__P22_0p65__B_1p15__R_0__E_m0p4__ndiv_8__reps_3
2026-05-07 23:19:11 END 6/15: N1_500__N2_500__P11_0p65__P12_0p20__P22_0p65__B_1p15__R_0__E_m0p4__ndiv_8__reps_3 elapsed=00:12:02.7890452
2026-05-07 23:19:11 START 7/15: N1_500__N2_500__P11_0p70__P12_0p20__P22_0p70__B_1p15__R_0__E_m0p4__ndiv_8__reps_3
Configuracion initial plane: Jobs=9 NDiv=8 NReps=3
Etiqueta: N1_500__N2_500__P11_0p70__P12_0p20__P22_0p70__B_1p15__R_0__E_m0p4__ndiv_8__reps_3
Carpeta de parciales: c_paper\out\raw\initial_plane\parts\N1_500__N2_500__P11_0p70__P12_0p20__P22_0p70__B_1p15__R_0__E_m0p4__ndiv_8__reps_3
Lanzando job 0: ix=0..0 -> c_paper\out\raw\initial_plane\parts\N1_500__N2_500__P11_0p70__P12_0p20__P22_0p70__B_1p15__R_0__E_m0p4__ndiv_8__reps_3\part_000_ix_000_000.txt
Lanzando job 1: ix=1..1 -> c_paper\out\raw\initial_plane\parts\N1_500__N2_500__P11_0p70__P12_0p20__P22_0p70__B_1p15__R_0__E_m0p4__ndiv_8__reps_3\part_001_ix_001_001.txt
Lanzando job 2: ix=2..2 -> c_paper\out\raw\initial_plane\parts\N1_500__N2_500__P11_0p70__P12_0p20__P22_0p70__B_1p15__R_0__E_m0p4__ndiv_8__reps_3\part_002_ix_002_002.txt
Lanzando job 3: ix=3..3 -> c_paper\out\raw\initial_plane\parts\N1_500__N2_500__P11_0p70__P12_0p20__P22_0p70__B_1p15__R_0__E_m0p4__ndiv_8__reps_3\part_003_ix_003_003.txt
Lanzando job 4: ix=4..4 -> c_paper\out\raw\initial_plane\parts\N1_500__N2_500__P11_0p70__P12_0p20__P22_0p70__B_1p15__R_0__E_m0p4__ndiv_8__reps_3\part_004_ix_004_004.txt
Lanzando job 5: ix=5..5 -> c_paper\out\raw\initial_plane\parts\N1_500__N2_500__P11_0p70__P12_0p20__P22_0p70__B_1p15__R_0__E_m0p4__ndiv_8__reps_3\part_005_ix_005_005.txt
Lanzando job 6: ix=6..6 -> c_paper\out\raw\initial_plane\parts\N1_500__N2_500__P11_0p70__P12_0p20__P22_0p70__B_1p15__R_0__E_m0p4__ndiv_8__reps_3\part_006_ix_006_006.txt
Lanzando job 7: ix=7..7 -> c_paper\out\raw\initial_plane\parts\N1_500__N2_500__P11_0p70__P12_0p20__P22_0p70__B_1p15__R_0__E_m0p4__ndiv_8__reps_3\part_007_ix_007_007.txt
Lanzando job 8: ix=8..8 -> c_paper\out\raw\initial_plane\parts\N1_500__N2_500__P11_0p70__P12_0p20__P22_0p70__B_1p15__R_0__E_m0p4__ndiv_8__reps_3\part_008_ix_008_008.txt
Ejecucion paralela terminada.
Salida final: c_paper/out/raw/initial_plane/initial_plane__N1_500__N2_500__P11_0p70__P12_0p20__P22_0p70__B_1p15__R_0__E_m0p4__ndiv_8__reps_3.txt
Parciales: c_paper\out\raw\initial_plane\parts\N1_500__N2_500__P11_0p70__P12_0p20__P22_0p70__B_1p15__R_0__E_m0p4__ndiv_8__reps_3
2026-05-07 23:32:05 END 7/15: N1_500__N2_500__P11_0p70__P12_0p20__P22_0p70__B_1p15__R_0__E_m0p4__ndiv_8__reps_3 elapsed=00:12:54.0864093
2026-05-07 23:32:05 START 8/15: N1_500__N2_500__P11_0p73__P12_0p20__P22_0p73__B_1p15__R_0__E_m0p4__ndiv_8__reps_3
Configuracion initial plane: Jobs=9 NDiv=8 NReps=3
Etiqueta: N1_500__N2_500__P11_0p73__P12_0p20__P22_0p73__B_1p15__R_0__E_m0p4__ndiv_8__reps_3
Carpeta de parciales: c_paper\out\raw\initial_plane\parts\N1_500__N2_500__P11_0p73__P12_0p20__P22_0p73__B_1p15__R_0__E_m0p4__ndiv_8__reps_3
Lanzando job 0: ix=0..0 -> c_paper\out\raw\initial_plane\parts\N1_500__N2_500__P11_0p73__P12_0p20__P22_0p73__B_1p15__R_0__E_m0p4__ndiv_8__reps_3\part_000_ix_000_000.txt
Lanzando job 1: ix=1..1 -> c_paper\out\raw\initial_plane\parts\N1_500__N2_500__P11_0p73__P12_0p20__P22_0p73__B_1p15__R_0__E_m0p4__ndiv_8__reps_3\part_001_ix_001_001.txt
Lanzando job 2: ix=2..2 -> c_paper\out\raw\initial_plane\parts\N1_500__N2_500__P11_0p73__P12_0p20__P22_0p73__B_1p15__R_0__E_m0p4__ndiv_8__reps_3\part_002_ix_002_002.txt
Lanzando job 3: ix=3..3 -> c_paper\out\raw\initial_plane\parts\N1_500__N2_500__P11_0p73__P12_0p20__P22_0p73__B_1p15__R_0__E_m0p4__ndiv_8__reps_3\part_003_ix_003_003.txt
Lanzando job 4: ix=4..4 -> c_paper\out\raw\initial_plane\parts\N1_500__N2_500__P11_0p73__P12_0p20__P22_0p73__B_1p15__R_0__E_m0p4__ndiv_8__reps_3\part_004_ix_004_004.txt
Lanzando job 5: ix=5..5 -> c_paper\out\raw\initial_plane\parts\N1_500__N2_500__P11_0p73__P12_0p20__P22_0p73__B_1p15__R_0__E_m0p4__ndiv_8__reps_3\part_005_ix_005_005.txt
Lanzando job 6: ix=6..6 -> c_paper\out\raw\initial_plane\parts\N1_500__N2_500__P11_0p73__P12_0p20__P22_0p73__B_1p15__R_0__E_m0p4__ndiv_8__reps_3\part_006_ix_006_006.txt
Lanzando job 7: ix=7..7 -> c_paper\out\raw\initial_plane\parts\N1_500__N2_500__P11_0p73__P12_0p20__P22_0p73__B_1p15__R_0__E_m0p4__ndiv_8__reps_3\part_007_ix_007_007.txt
Lanzando job 8: ix=8..8 -> c_paper\out\raw\initial_plane\parts\N1_500__N2_500__P11_0p73__P12_0p20__P22_0p73__B_1p15__R_0__E_m0p4__ndiv_8__reps_3\part_008_ix_008_008.txt
Ejecucion paralela terminada.
Salida final: c_paper/out/raw/initial_plane/initial_plane__N1_500__N2_500__P11_0p73__P12_0p20__P22_0p73__B_1p15__R_0__E_m0p4__ndiv_8__reps_3.txt
Parciales: c_paper\out\raw\initial_plane\parts\N1_500__N2_500__P11_0p73__P12_0p20__P22_0p73__B_1p15__R_0__E_m0p4__ndiv_8__reps_3
2026-05-08 00:36:34 END 8/15: N1_500__N2_500__P11_0p73__P12_0p20__P22_0p73__B_1p15__R_0__E_m0p4__ndiv_8__reps_3 elapsed=01:04:29.6412979
2026-05-08 00:36:34 START 9/15: N1_500__N2_500__P11_0p76__P12_0p20__P22_0p76__B_1p15__R_0__E_m0p4__ndiv_8__reps_3
Configuracion initial plane: Jobs=9 NDiv=8 NReps=3
Etiqueta: N1_500__N2_500__P11_0p76__P12_0p20__P22_0p76__B_1p15__R_0__E_m0p4__ndiv_8__reps_3
Carpeta de parciales: c_paper\out\raw\initial_plane\parts\N1_500__N2_500__P11_0p76__P12_0p20__P22_0p76__B_1p15__R_0__E_m0p4__ndiv_8__reps_3
Lanzando job 0: ix=0..0 -> c_paper\out\raw\initial_plane\parts\N1_500__N2_500__P11_0p76__P12_0p20__P22_0p76__B_1p15__R_0__E_m0p4__ndiv_8__reps_3\part_000_ix_000_000.txt
Lanzando job 1: ix=1..1 -> c_paper\out\raw\initial_plane\parts\N1_500__N2_500__P11_0p76__P12_0p20__P22_0p76__B_1p15__R_0__E_m0p4__ndiv_8__reps_3\part_001_ix_001_001.txt
Lanzando job 2: ix=2..2 -> c_paper\out\raw\initial_plane\parts\N1_500__N2_500__P11_0p76__P12_0p20__P22_0p76__B_1p15__R_0__E_m0p4__ndiv_8__reps_3\part_002_ix_002_002.txt
Lanzando job 3: ix=3..3 -> c_paper\out\raw\initial_plane\parts\N1_500__N2_500__P11_0p76__P12_0p20__P22_0p76__B_1p15__R_0__E_m0p4__ndiv_8__reps_3\part_003_ix_003_003.txt
Lanzando job 4: ix=4..4 -> c_paper\out\raw\initial_plane\parts\N1_500__N2_500__P11_0p76__P12_0p20__P22_0p76__B_1p15__R_0__E_m0p4__ndiv_8__reps_3\part_004_ix_004_004.txt
Lanzando job 5: ix=5..5 -> c_paper\out\raw\initial_plane\parts\N1_500__N2_500__P11_0p76__P12_0p20__P22_0p76__B_1p15__R_0__E_m0p4__ndiv_8__reps_3\part_005_ix_005_005.txt
Lanzando job 6: ix=6..6 -> c_paper\out\raw\initial_plane\parts\N1_500__N2_500__P11_0p76__P12_0p20__P22_0p76__B_1p15__R_0__E_m0p4__ndiv_8__reps_3\part_006_ix_006_006.txt
Lanzando job 7: ix=7..7 -> c_paper\out\raw\initial_plane\parts\N1_500__N2_500__P11_0p76__P12_0p20__P22_0p76__B_1p15__R_0__E_m0p4__ndiv_8__reps_3\part_007_ix_007_007.txt
Lanzando job 8: ix=8..8 -> c_paper\out\raw\initial_plane\parts\N1_500__N2_500__P11_0p76__P12_0p20__P22_0p76__B_1p15__R_0__E_m0p4__ndiv_8__reps_3\part_008_ix_008_008.txt
Ejecucion paralela terminada.
Salida final: c_paper/out/raw/initial_plane/initial_plane__N1_500__N2_500__P11_0p76__P12_0p20__P22_0p76__B_1p15__R_0__E_m0p4__ndiv_8__reps_3.txt
Parciales: c_paper\out\raw\initial_plane\parts\N1_500__N2_500__P11_0p76__P12_0p20__P22_0p76__B_1p15__R_0__E_m0p4__ndiv_8__reps_3
2026-05-08 01:50:06 END 9/15: N1_500__N2_500__P11_0p76__P12_0p20__P22_0p76__B_1p15__R_0__E_m0p4__ndiv_8__reps_3 elapsed=01:13:31.8782171
2026-05-08 01:50:06 START 10/15: N1_500__N2_500__P11_0p80__P12_0p20__P22_0p80__B_1p15__R_0__E_m0p4__ndiv_8__reps_3
Configuracion initial plane: Jobs=9 NDiv=8 NReps=3
Etiqueta: N1_500__N2_500__P11_0p80__P12_0p20__P22_0p80__B_1p15__R_0__E_m0p4__ndiv_8__reps_3
Carpeta de parciales: c_paper\out\raw\initial_plane\parts\N1_500__N2_500__P11_0p80__P12_0p20__P22_0p80__B_1p15__R_0__E_m0p4__ndiv_8__reps_3
Lanzando job 0: ix=0..0 -> c_paper\out\raw\initial_plane\parts\N1_500__N2_500__P11_0p80__P12_0p20__P22_0p80__B_1p15__R_0__E_m0p4__ndiv_8__reps_3\part_000_ix_000_000.txt
Lanzando job 1: ix=1..1 -> c_paper\out\raw\initial_plane\parts\N1_500__N2_500__P11_0p80__P12_0p20__P22_0p80__B_1p15__R_0__E_m0p4__ndiv_8__reps_3\part_001_ix_001_001.txt
Lanzando job 2: ix=2..2 -> c_paper\out\raw\initial_plane\parts\N1_500__N2_500__P11_0p80__P12_0p20__P22_0p80__B_1p15__R_0__E_m0p4__ndiv_8__reps_3\part_002_ix_002_002.txt
Lanzando job 3: ix=3..3 -> c_paper\out\raw\initial_plane\parts\N1_500__N2_500__P11_0p80__P12_0p20__P22_0p80__B_1p15__R_0__E_m0p4__ndiv_8__reps_3\part_003_ix_003_003.txt
Lanzando job 4: ix=4..4 -> c_paper\out\raw\initial_plane\parts\N1_500__N2_500__P11_0p80__P12_0p20__P22_0p80__B_1p15__R_0__E_m0p4__ndiv_8__reps_3\part_004_ix_004_004.txt
Lanzando job 5: ix=5..5 -> c_paper\out\raw\initial_plane\parts\N1_500__N2_500__P11_0p80__P12_0p20__P22_0p80__B_1p15__R_0__E_m0p4__ndiv_8__reps_3\part_005_ix_005_005.txt
Lanzando job 6: ix=6..6 -> c_paper\out\raw\initial_plane\parts\N1_500__N2_500__P11_0p80__P12_0p20__P22_0p80__B_1p15__R_0__E_m0p4__ndiv_8__reps_3\part_006_ix_006_006.txt
Lanzando job 7: ix=7..7 -> c_paper\out\raw\initial_plane\parts\N1_500__N2_500__P11_0p80__P12_0p20__P22_0p80__B_1p15__R_0__E_m0p4__ndiv_8__reps_3\part_007_ix_007_007.txt
Lanzando job 8: ix=8..8 -> c_paper\out\raw\initial_plane\parts\N1_500__N2_500__P11_0p80__P12_0p20__P22_0p80__B_1p15__R_0__E_m0p4__ndiv_8__reps_3\part_008_ix_008_008.txt
Ejecucion paralela terminada.
Salida final: c_paper/out/raw/initial_plane/initial_plane__N1_500__N2_500__P11_0p80__P12_0p20__P22_0p80__B_1p15__R_0__E_m0p4__ndiv_8__reps_3.txt
Parciales: c_paper\out\raw\initial_plane\parts\N1_500__N2_500__P11_0p80__P12_0p20__P22_0p80__B_1p15__R_0__E_m0p4__ndiv_8__reps_3
2026-05-08 02:50:35 END 10/15: N1_500__N2_500__P11_0p80__P12_0p20__P22_0p80__B_1p15__R_0__E_m0p4__ndiv_8__reps_3 elapsed=01:00:28.6026088
2026-05-08 02:50:35 START 11/15: N1_500__N2_500__P11_0p65__P12_0p24__P22_0p65__B_1p15__R_0__E_m0p4__ndiv_8__reps_3
Configuracion initial plane: Jobs=9 NDiv=8 NReps=3
Etiqueta: N1_500__N2_500__P11_0p65__P12_0p24__P22_0p65__B_1p15__R_0__E_m0p4__ndiv_8__reps_3
Carpeta de parciales: c_paper\out\raw\initial_plane\parts\N1_500__N2_500__P11_0p65__P12_0p24__P22_0p65__B_1p15__R_0__E_m0p4__ndiv_8__reps_3
Lanzando job 0: ix=0..0 -> c_paper\out\raw\initial_plane\parts\N1_500__N2_500__P11_0p65__P12_0p24__P22_0p65__B_1p15__R_0__E_m0p4__ndiv_8__reps_3\part_000_ix_000_000.txt
Lanzando job 1: ix=1..1 -> c_paper\out\raw\initial_plane\parts\N1_500__N2_500__P11_0p65__P12_0p24__P22_0p65__B_1p15__R_0__E_m0p4__ndiv_8__reps_3\part_001_ix_001_001.txt
Lanzando job 2: ix=2..2 -> c_paper\out\raw\initial_plane\parts\N1_500__N2_500__P11_0p65__P12_0p24__P22_0p65__B_1p15__R_0__E_m0p4__ndiv_8__reps_3\part_002_ix_002_002.txt
Lanzando job 3: ix=3..3 -> c_paper\out\raw\initial_plane\parts\N1_500__N2_500__P11_0p65__P12_0p24__P22_0p65__B_1p15__R_0__E_m0p4__ndiv_8__reps_3\part_003_ix_003_003.txt
Lanzando job 4: ix=4..4 -> c_paper\out\raw\initial_plane\parts\N1_500__N2_500__P11_0p65__P12_0p24__P22_0p65__B_1p15__R_0__E_m0p4__ndiv_8__reps_3\part_004_ix_004_004.txt
Lanzando job 5: ix=5..5 -> c_paper\out\raw\initial_plane\parts\N1_500__N2_500__P11_0p65__P12_0p24__P22_0p65__B_1p15__R_0__E_m0p4__ndiv_8__reps_3\part_005_ix_005_005.txt
Lanzando job 6: ix=6..6 -> c_paper\out\raw\initial_plane\parts\N1_500__N2_500__P11_0p65__P12_0p24__P22_0p65__B_1p15__R_0__E_m0p4__ndiv_8__reps_3\part_006_ix_006_006.txt
Lanzando job 7: ix=7..7 -> c_paper\out\raw\initial_plane\parts\N1_500__N2_500__P11_0p65__P12_0p24__P22_0p65__B_1p15__R_0__E_m0p4__ndiv_8__reps_3\part_007_ix_007_007.txt
Lanzando job 8: ix=8..8 -> c_paper\out\raw\initial_plane\parts\N1_500__N2_500__P11_0p65__P12_0p24__P22_0p65__B_1p15__R_0__E_m0p4__ndiv_8__reps_3\part_008_ix_008_008.txt
Ejecucion paralela terminada.
Salida final: c_paper/out/raw/initial_plane/initial_plane__N1_500__N2_500__P11_0p65__P12_0p24__P22_0p65__B_1p15__R_0__E_m0p4__ndiv_8__reps_3.txt
Parciales: c_paper\out\raw\initial_plane\parts\N1_500__N2_500__P11_0p65__P12_0p24__P22_0p65__B_1p15__R_0__E_m0p4__ndiv_8__reps_3
2026-05-08 03:02:39 END 11/15: N1_500__N2_500__P11_0p65__P12_0p24__P22_0p65__B_1p15__R_0__E_m0p4__ndiv_8__reps_3 elapsed=00:12:03.8355921
2026-05-08 03:02:39 START 12/15: N1_500__N2_500__P11_0p70__P12_0p24__P22_0p70__B_1p15__R_0__E_m0p4__ndiv_8__reps_3
Configuracion initial plane: Jobs=9 NDiv=8 NReps=3
Etiqueta: N1_500__N2_500__P11_0p70__P12_0p24__P22_0p70__B_1p15__R_0__E_m0p4__ndiv_8__reps_3
Carpeta de parciales: c_paper\out\raw\initial_plane\parts\N1_500__N2_500__P11_0p70__P12_0p24__P22_0p70__B_1p15__R_0__E_m0p4__ndiv_8__reps_3
Lanzando job 0: ix=0..0 -> c_paper\out\raw\initial_plane\parts\N1_500__N2_500__P11_0p70__P12_0p24__P22_0p70__B_1p15__R_0__E_m0p4__ndiv_8__reps_3\part_000_ix_000_000.txt
Lanzando job 1: ix=1..1 -> c_paper\out\raw\initial_plane\parts\N1_500__N2_500__P11_0p70__P12_0p24__P22_0p70__B_1p15__R_0__E_m0p4__ndiv_8__reps_3\part_001_ix_001_001.txt
Lanzando job 2: ix=2..2 -> c_paper\out\raw\initial_plane\parts\N1_500__N2_500__P11_0p70__P12_0p24__P22_0p70__B_1p15__R_0__E_m0p4__ndiv_8__reps_3\part_002_ix_002_002.txt
Lanzando job 3: ix=3..3 -> c_paper\out\raw\initial_plane\parts\N1_500__N2_500__P11_0p70__P12_0p24__P22_0p70__B_1p15__R_0__E_m0p4__ndiv_8__reps_3\part_003_ix_003_003.txt
Lanzando job 4: ix=4..4 -> c_paper\out\raw\initial_plane\parts\N1_500__N2_500__P11_0p70__P12_0p24__P22_0p70__B_1p15__R_0__E_m0p4__ndiv_8__reps_3\part_004_ix_004_004.txt
Lanzando job 5: ix=5..5 -> c_paper\out\raw\initial_plane\parts\N1_500__N2_500__P11_0p70__P12_0p24__P22_0p70__B_1p15__R_0__E_m0p4__ndiv_8__reps_3\part_005_ix_005_005.txt
Lanzando job 6: ix=6..6 -> c_paper\out\raw\initial_plane\parts\N1_500__N2_500__P11_0p70__P12_0p24__P22_0p70__B_1p15__R_0__E_m0p4__ndiv_8__reps_3\part_006_ix_006_006.txt
Lanzando job 7: ix=7..7 -> c_paper\out\raw\initial_plane\parts\N1_500__N2_500__P11_0p70__P12_0p24__P22_0p70__B_1p15__R_0__E_m0p4__ndiv_8__reps_3\part_007_ix_007_007.txt
Lanzando job 8: ix=8..8 -> c_paper\out\raw\initial_plane\parts\N1_500__N2_500__P11_0p70__P12_0p24__P22_0p70__B_1p15__R_0__E_m0p4__ndiv_8__reps_3\part_008_ix_008_008.txt
Ejecucion paralela terminada.
Salida final: c_paper/out/raw/initial_plane/initial_plane__N1_500__N2_500__P11_0p70__P12_0p24__P22_0p70__B_1p15__R_0__E_m0p4__ndiv_8__reps_3.txt
Parciales: c_paper\out\raw\initial_plane\parts\N1_500__N2_500__P11_0p70__P12_0p24__P22_0p70__B_1p15__R_0__E_m0p4__ndiv_8__reps_3
2026-05-08 03:15:31 END 12/15: N1_500__N2_500__P11_0p70__P12_0p24__P22_0p70__B_1p15__R_0__E_m0p4__ndiv_8__reps_3 elapsed=00:12:52.4451636
2026-05-08 03:15:31 START 13/15: N1_500__N2_500__P11_0p73__P12_0p24__P22_0p73__B_1p15__R_0__E_m0p4__ndiv_8__reps_3
Configuracion initial plane: Jobs=9 NDiv=8 NReps=3
Etiqueta: N1_500__N2_500__P11_0p73__P12_0p24__P22_0p73__B_1p15__R_0__E_m0p4__ndiv_8__reps_3
Carpeta de parciales: c_paper\out\raw\initial_plane\parts\N1_500__N2_500__P11_0p73__P12_0p24__P22_0p73__B_1p15__R_0__E_m0p4__ndiv_8__reps_3
Lanzando job 0: ix=0..0 -> c_paper\out\raw\initial_plane\parts\N1_500__N2_500__P11_0p73__P12_0p24__P22_0p73__B_1p15__R_0__E_m0p4__ndiv_8__reps_3\part_000_ix_000_000.txt
Lanzando job 1: ix=1..1 -> c_paper\out\raw\initial_plane\parts\N1_500__N2_500__P11_0p73__P12_0p24__P22_0p73__B_1p15__R_0__E_m0p4__ndiv_8__reps_3\part_001_ix_001_001.txt
Lanzando job 2: ix=2..2 -> c_paper\out\raw\initial_plane\parts\N1_500__N2_500__P11_0p73__P12_0p24__P22_0p73__B_1p15__R_0__E_m0p4__ndiv_8__reps_3\part_002_ix_002_002.txt
Lanzando job 3: ix=3..3 -> c_paper\out\raw\initial_plane\parts\N1_500__N2_500__P11_0p73__P12_0p24__P22_0p73__B_1p15__R_0__E_m0p4__ndiv_8__reps_3\part_003_ix_003_003.txt
Lanzando job 4: ix=4..4 -> c_paper\out\raw\initial_plane\parts\N1_500__N2_500__P11_0p73__P12_0p24__P22_0p73__B_1p15__R_0__E_m0p4__ndiv_8__reps_3\part_004_ix_004_004.txt
Lanzando job 5: ix=5..5 -> c_paper\out\raw\initial_plane\parts\N1_500__N2_500__P11_0p73__P12_0p24__P22_0p73__B_1p15__R_0__E_m0p4__ndiv_8__reps_3\part_005_ix_005_005.txt
Lanzando job 6: ix=6..6 -> c_paper\out\raw\initial_plane\parts\N1_500__N2_500__P11_0p73__P12_0p24__P22_0p73__B_1p15__R_0__E_m0p4__ndiv_8__reps_3\part_006_ix_006_006.txt
Lanzando job 7: ix=7..7 -> c_paper\out\raw\initial_plane\parts\N1_500__N2_500__P11_0p73__P12_0p24__P22_0p73__B_1p15__R_0__E_m0p4__ndiv_8__reps_3\part_007_ix_007_007.txt
Lanzando job 8: ix=8..8 -> c_paper\out\raw\initial_plane\parts\N1_500__N2_500__P11_0p73__P12_0p24__P22_0p73__B_1p15__R_0__E_m0p4__ndiv_8__reps_3\part_008_ix_008_008.txt
Ejecucion paralela terminada.
Salida final: c_paper/out/raw/initial_plane/initial_plane__N1_500__N2_500__P11_0p73__P12_0p24__P22_0p73__B_1p15__R_0__E_m0p4__ndiv_8__reps_3.txt
Parciales: c_paper\out\raw\initial_plane\parts\N1_500__N2_500__P11_0p73__P12_0p24__P22_0p73__B_1p15__R_0__E_m0p4__ndiv_8__reps_3
2026-05-08 03:28:11 END 13/15: N1_500__N2_500__P11_0p73__P12_0p24__P22_0p73__B_1p15__R_0__E_m0p4__ndiv_8__reps_3 elapsed=00:12:40.0514535
2026-05-08 03:28:11 START 14/15: N1_500__N2_500__P11_0p76__P12_0p24__P22_0p76__B_1p15__R_0__E_m0p4__ndiv_8__reps_3
Configuracion initial plane: Jobs=9 NDiv=8 NReps=3
Etiqueta: N1_500__N2_500__P11_0p76__P12_0p24__P22_0p76__B_1p15__R_0__E_m0p4__ndiv_8__reps_3
Carpeta de parciales: c_paper\out\raw\initial_plane\parts\N1_500__N2_500__P11_0p76__P12_0p24__P22_0p76__B_1p15__R_0__E_m0p4__ndiv_8__reps_3
Lanzando job 0: ix=0..0 -> c_paper\out\raw\initial_plane\parts\N1_500__N2_500__P11_0p76__P12_0p24__P22_0p76__B_1p15__R_0__E_m0p4__ndiv_8__reps_3\part_000_ix_000_000.txt
Lanzando job 1: ix=1..1 -> c_paper\out\raw\initial_plane\parts\N1_500__N2_500__P11_0p76__P12_0p24__P22_0p76__B_1p15__R_0__E_m0p4__ndiv_8__reps_3\part_001_ix_001_001.txt
Lanzando job 2: ix=2..2 -> c_paper\out\raw\initial_plane\parts\N1_500__N2_500__P11_0p76__P12_0p24__P22_0p76__B_1p15__R_0__E_m0p4__ndiv_8__reps_3\part_002_ix_002_002.txt
Lanzando job 3: ix=3..3 -> c_paper\out\raw\initial_plane\parts\N1_500__N2_500__P11_0p76__P12_0p24__P22_0p76__B_1p15__R_0__E_m0p4__ndiv_8__reps_3\part_003_ix_003_003.txt
Lanzando job 4: ix=4..4 -> c_paper\out\raw\initial_plane\parts\N1_500__N2_500__P11_0p76__P12_0p24__P22_0p76__B_1p15__R_0__E_m0p4__ndiv_8__reps_3\part_004_ix_004_004.txt
Lanzando job 5: ix=5..5 -> c_paper\out\raw\initial_plane\parts\N1_500__N2_500__P11_0p76__P12_0p24__P22_0p76__B_1p15__R_0__E_m0p4__ndiv_8__reps_3\part_005_ix_005_005.txt
Lanzando job 6: ix=6..6 -> c_paper\out\raw\initial_plane\parts\N1_500__N2_500__P11_0p76__P12_0p24__P22_0p76__B_1p15__R_0__E_m0p4__ndiv_8__reps_3\part_006_ix_006_006.txt
Lanzando job 7: ix=7..7 -> c_paper\out\raw\initial_plane\parts\N1_500__N2_500__P11_0p76__P12_0p24__P22_0p76__B_1p15__R_0__E_m0p4__ndiv_8__reps_3\part_007_ix_007_007.txt
Lanzando job 8: ix=8..8 -> c_paper\out\raw\initial_plane\parts\N1_500__N2_500__P11_0p76__P12_0p24__P22_0p76__B_1p15__R_0__E_m0p4__ndiv_8__reps_3\part_008_ix_008_008.txt
Ejecucion paralela terminada.
Salida final: c_paper/out/raw/initial_plane/initial_plane__N1_500__N2_500__P11_0p76__P12_0p24__P22_0p76__B_1p15__R_0__E_m0p4__ndiv_8__reps_3.txt
Parciales: c_paper\out\raw\initial_plane\parts\N1_500__N2_500__P11_0p76__P12_0p24__P22_0p76__B_1p15__R_0__E_m0p4__ndiv_8__reps_3
2026-05-08 03:42:13 END 14/15: N1_500__N2_500__P11_0p76__P12_0p24__P22_0p76__B_1p15__R_0__E_m0p4__ndiv_8__reps_3 elapsed=00:14:01.4214011
2026-05-08 03:42:13 START 15/15: N1_500__N2_500__P11_0p80__P12_0p24__P22_0p80__B_1p15__R_0__E_m0p4__ndiv_8__reps_3
Configuracion initial plane: Jobs=9 NDiv=8 NReps=3
Etiqueta: N1_500__N2_500__P11_0p80__P12_0p24__P22_0p80__B_1p15__R_0__E_m0p4__ndiv_8__reps_3
Carpeta de parciales: c_paper\out\raw\initial_plane\parts\N1_500__N2_500__P11_0p80__P12_0p24__P22_0p80__B_1p15__R_0__E_m0p4__ndiv_8__reps_3
Lanzando job 0: ix=0..0 -> c_paper\out\raw\initial_plane\parts\N1_500__N2_500__P11_0p80__P12_0p24__P22_0p80__B_1p15__R_0__E_m0p4__ndiv_8__reps_3\part_000_ix_000_000.txt
Lanzando job 1: ix=1..1 -> c_paper\out\raw\initial_plane\parts\N1_500__N2_500__P11_0p80__P12_0p24__P22_0p80__B_1p15__R_0__E_m0p4__ndiv_8__reps_3\part_001_ix_001_001.txt
Lanzando job 2: ix=2..2 -> c_paper\out\raw\initial_plane\parts\N1_500__N2_500__P11_0p80__P12_0p24__P22_0p80__B_1p15__R_0__E_m0p4__ndiv_8__reps_3\part_002_ix_002_002.txt
Lanzando job 3: ix=3..3 -> c_paper\out\raw\initial_plane\parts\N1_500__N2_500__P11_0p80__P12_0p24__P22_0p80__B_1p15__R_0__E_m0p4__ndiv_8__reps_3\part_003_ix_003_003.txt
Lanzando job 4: ix=4..4 -> c_paper\out\raw\initial_plane\parts\N1_500__N2_500__P11_0p80__P12_0p24__P22_0p80__B_1p15__R_0__E_m0p4__ndiv_8__reps_3\part_004_ix_004_004.txt
Lanzando job 5: ix=5..5 -> c_paper\out\raw\initial_plane\parts\N1_500__N2_500__P11_0p80__P12_0p24__P22_0p80__B_1p15__R_0__E_m0p4__ndiv_8__reps_3\part_005_ix_005_005.txt
Lanzando job 6: ix=6..6 -> c_paper\out\raw\initial_plane\parts\N1_500__N2_500__P11_0p80__P12_0p24__P22_0p80__B_1p15__R_0__E_m0p4__ndiv_8__reps_3\part_006_ix_006_006.txt
Lanzando job 7: ix=7..7 -> c_paper\out\raw\initial_plane\parts\N1_500__N2_500__P11_0p80__P12_0p24__P22_0p80__B_1p15__R_0__E_m0p4__ndiv_8__reps_3\part_007_ix_007_007.txt
Lanzando job 8: ix=8..8 -> c_paper\out\raw\initial_plane\parts\N1_500__N2_500__P11_0p80__P12_0p24__P22_0p80__B_1p15__R_0__E_m0p4__ndiv_8__reps_3\part_008_ix_008_008.txt
Ejecucion paralela terminada.
Salida final: c_paper/out/raw/initial_plane/initial_plane__N1_500__N2_500__P11_0p80__P12_0p24__P22_0p80__B_1p15__R_0__E_m0p4__ndiv_8__reps_3.txt
Parciales: c_paper\out\raw\initial_plane\parts\N1_500__N2_500__P11_0p80__P12_0p24__P22_0p80__B_1p15__R_0__E_m0p4__ndiv_8__reps_3
2026-05-08 03:56:12 END 15/15: N1_500__N2_500__P11_0p80__P12_0p24__P22_0p80__B_1p15__R_0__E_m0p4__ndiv_8__reps_3 elapsed=00:13:59.0835467
2026-05-08 03:56:12 Cola terminada correctamente.
2026-05-08 03:56:12 config.h restaurado desde el estado inicial de la cola.
ADVERTENCIA: No existe plot: 
c_paper/out/plots/initial_plane/initial_plane__N1_500__N2_500__P11_0p65__P12_0p16__P22_0p65__B_1p15__R_0__E_m0p4__ndiv_
8__reps_3.png
ADVERTENCIA: No existe plot: 
c_paper/out/plots/initial_plane/initial_plane__N1_500__N2_500__P11_0p70__P12_0p16__P22_0p70__B_1p15__R_0__E_m0p4__ndiv_
8__reps_3.png
ADVERTENCIA: No existe plot: 
c_paper/out/plots/initial_plane/initial_plane__N1_500__N2_500__P11_0p73__P12_0p16__P22_0p73__B_1p15__R_0__E_m0p4__ndiv_
8__reps_3.png
ADVERTENCIA: No existe plot: 
c_paper/out/plots/initial_plane/initial_plane__N1_500__N2_500__P11_0p76__P12_0p16__P22_0p76__B_1p15__R_0__E_m0p4__ndiv_
8__reps_3.png
ADVERTENCIA: No existe plot: 
c_paper/out/plots/initial_plane/initial_plane__N1_500__N2_500__P11_0p80__P12_0p16__P22_0p80__B_1p15__R_0__E_m0p4__ndiv_
8__reps_3.png
ADVERTENCIA: No existe plot: 
c_paper/out/plots/initial_plane/initial_plane__N1_500__N2_500__P11_0p76__P12_0p20__P22_0p76__B_1p15__R_0__E_m0p4__ndiv_
8__reps_3.png
ADVERTENCIA: No existe plot: 
c_paper/out/plots/initial_plane/initial_plane__N1_500__N2_500__P11_0p65__P12_0p24__P22_0p65__B_1p15__R_0__E_m0p4__ndiv_
8__reps_3.png
ADVERTENCIA: No existe plot: 
c_paper/out/plots/initial_plane/initial_plane__N1_500__N2_500__P11_0p70__P12_0p24__P22_0p70__B_1p15__R_0__E_m0p4__ndiv_
8__reps_3.png
ADVERTENCIA: No existe plot: 
c_paper/out/plots/initial_plane/initial_plane__N1_500__N2_500__P11_0p73__P12_0p24__P22_0p73__B_1p15__R_0__E_m0p4__ndiv_
8__reps_3.png
ADVERTENCIA: No existe plot: 
c_paper/out/plots/initial_plane/initial_plane__N1_500__N2_500__P11_0p76__P12_0p24__P22_0p76__B_1p15__R_0__E_m0p4__ndiv_
8__reps_3.png
ADVERTENCIA: No existe plot: 
c_paper/out/plots/initial_plane/initial_plane__N1_500__N2_500__P11_0p80__P12_0p24__P22_0p80__B_1p15__R_0__E_m0p4__ndiv_
8__reps_3.png
Experimento curado: c_paper/out/experiments/torre_2026-05-07_p11_p12_grid_TMAX400k
Simulaciones copiadas: 15
c_paper\out\experiments\torre_2026-05-07_p11_p12_grid_TMAX400k: wrote 15 diagnostics to c_paper\out\experiments\torre_2026-05-07_p11_p12_grid_TMAX400k\diagnostics_time
Scan terminado: torre_2026-05-07_p11_p12_grid_TMAX400k
Manifest: C:\simulaciones\guerra-mafias\c_paper\out\logs\initial_plane_queue_torreCriticalP11P12GridT400k_20260507_182516.tsv
